Archive member included to satisfy reference by file (symbol)

c:/program files/embeddedbuilder_v1.1.0.18805/tools/gnu tools arm embedded/xpack-arm-none-eabi-gcc/9.2.1-1.1/bin/../lib/gcc/arm-none-eabi/9.2.1/thumb/v7e-m/nofp\libgcc.a(_arm_muldf3.o)
                              ./firmware/gd32f3x0_hal_peripheral/Source/gd32f3x0_hal_ctc.o (__aeabi_dmul)
c:/program files/embeddedbuilder_v1.1.0.18805/tools/gnu tools arm embedded/xpack-arm-none-eabi-gcc/9.2.1-1.1/bin/../lib/gcc/arm-none-eabi/9.2.1/thumb/v7e-m/nofp\libgcc.a(_arm_addsubdf3.o)
                              ./firmware/gd32f3x0_hal_peripheral/Source/gd32f3x0_hal_ctc.o (__aeabi_dadd)
c:/program files/embeddedbuilder_v1.1.0.18805/tools/gnu tools arm embedded/xpack-arm-none-eabi-gcc/9.2.1-1.1/bin/../lib/gcc/arm-none-eabi/9.2.1/thumb/v7e-m/nofp\libgcc.a(_arm_muldivdf3.o)
                              ./firmware/gd32f3x0_hal_peripheral/Source/gd32f3x0_hal_ctc.o (__aeabi_ddiv)
c:/program files/embeddedbuilder_v1.1.0.18805/tools/gnu tools arm embedded/xpack-arm-none-eabi-gcc/9.2.1-1.1/bin/../lib/gcc/arm-none-eabi/9.2.1/thumb/v7e-m/nofp\libgcc.a(_arm_fixdfsi.o)
                              ./firmware/gd32f3x0_hal_peripheral/Source/gd32f3x0_hal_ctc.o (__aeabi_d2iz)
c:/program files/embeddedbuilder_v1.1.0.18805/tools/gnu tools arm embedded/xpack-arm-none-eabi-gcc/9.2.1-1.1/bin/../lib/gcc/arm-none-eabi/9.2.1/thumb/v7e-m/nofp\libgcc.a(_arm_fixunsdfsi.o)
                              ./firmware/gd32f3x0_hal_peripheral/Source/gd32f3x0_hal_ctc.o (__aeabi_d2uiz)
c:/program files/embeddedbuilder_v1.1.0.18805/tools/gnu tools arm embedded/xpack-arm-none-eabi-gcc/9.2.1-1.1/bin/../lib/gcc/arm-none-eabi/9.2.1/../../../../arm-none-eabi/lib/thumb/v7e-m/nofp\libg_nano.a(lib_a-exit.o)
                              c:/program files/embeddedbuilder_v1.1.0.18805/tools/gnu tools arm embedded/xpack-arm-none-eabi-gcc/9.2.1-1.1/bin/../lib/gcc/arm-none-eabi/9.2.1/../../../../arm-none-eabi/lib/thumb/v7e-m/nofp/crt0.o (exit)
c:/program files/embeddedbuilder_v1.1.0.18805/tools/gnu tools arm embedded/xpack-arm-none-eabi-gcc/9.2.1-1.1/bin/../lib/gcc/arm-none-eabi/9.2.1/../../../../arm-none-eabi/lib/thumb/v7e-m/nofp\libg_nano.a(lib_a-impure.o)
                              c:/program files/embeddedbuilder_v1.1.0.18805/tools/gnu tools arm embedded/xpack-arm-none-eabi-gcc/9.2.1-1.1/bin/../lib/gcc/arm-none-eabi/9.2.1/../../../../arm-none-eabi/lib/thumb/v7e-m/nofp\libg_nano.a(lib_a-exit.o) (_global_impure_ptr)
c:/program files/embeddedbuilder_v1.1.0.18805/tools/gnu tools arm embedded/xpack-arm-none-eabi-gcc/9.2.1-1.1/bin/../lib/gcc/arm-none-eabi/9.2.1/../../../../arm-none-eabi/lib/thumb/v7e-m/nofp\libg_nano.a(lib_a-init.o)
                              c:/program files/embeddedbuilder_v1.1.0.18805/tools/gnu tools arm embedded/xpack-arm-none-eabi-gcc/9.2.1-1.1/bin/../lib/gcc/arm-none-eabi/9.2.1/../../../../arm-none-eabi/lib/thumb/v7e-m/nofp/crt0.o (__libc_init_array)
c:/program files/embeddedbuilder_v1.1.0.18805/tools/gnu tools arm embedded/xpack-arm-none-eabi-gcc/9.2.1-1.1/bin/../lib/gcc/arm-none-eabi/9.2.1/../../../../arm-none-eabi/lib/thumb/v7e-m/nofp\libg_nano.a(lib_a-memset.o)
                              c:/program files/embeddedbuilder_v1.1.0.18805/tools/gnu tools arm embedded/xpack-arm-none-eabi-gcc/9.2.1-1.1/bin/../lib/gcc/arm-none-eabi/9.2.1/../../../../arm-none-eabi/lib/thumb/v7e-m/nofp/crt0.o (memset)
c:/program files/embeddedbuilder_v1.1.0.18805/tools/gnu tools arm embedded/xpack-arm-none-eabi-gcc/9.2.1-1.1/bin/../lib/gcc/arm-none-eabi/9.2.1/../../../../arm-none-eabi/lib/thumb/v7e-m/nofp\libg_nano.a(lib_a-printf.o)
                              ./src/main.o (printf)
c:/program files/embeddedbuilder_v1.1.0.18805/tools/gnu tools arm embedded/xpack-arm-none-eabi-gcc/9.2.1-1.1/bin/../lib/gcc/arm-none-eabi/9.2.1/../../../../arm-none-eabi/lib/thumb/v7e-m/nofp\libg_nano.a(lib_a-puts.o)
                              ./src/main.o (puts)
c:/program files/embeddedbuilder_v1.1.0.18805/tools/gnu tools arm embedded/xpack-arm-none-eabi-gcc/9.2.1-1.1/bin/../lib/gcc/arm-none-eabi/9.2.1/../../../../arm-none-eabi/lib/thumb/v7e-m/nofp\libg_nano.a(lib_a-reent.o)
                              ./firmware/cmsis/src/syscalls.o (errno)
c:/program files/embeddedbuilder_v1.1.0.18805/tools/gnu tools arm embedded/xpack-arm-none-eabi-gcc/9.2.1-1.1/bin/../lib/gcc/arm-none-eabi/9.2.1/../../../../arm-none-eabi/lib/thumb/v7e-m/nofp\libg_nano.a(lib_a-wbuf.o)
                              c:/program files/embeddedbuilder_v1.1.0.18805/tools/gnu tools arm embedded/xpack-arm-none-eabi-gcc/9.2.1-1.1/bin/../lib/gcc/arm-none-eabi/9.2.1/../../../../arm-none-eabi/lib/thumb/v7e-m/nofp\libg_nano.a(lib_a-puts.o) (__swbuf_r)
c:/program files/embeddedbuilder_v1.1.0.18805/tools/gnu tools arm embedded/xpack-arm-none-eabi-gcc/9.2.1-1.1/bin/../lib/gcc/arm-none-eabi/9.2.1/../../../../arm-none-eabi/lib/thumb/v7e-m/nofp\libg_nano.a(lib_a-wsetup.o)
[...]
Memory Configuration

Name             Origin             Length             Attributes
FLASH            0x08000000         0x00010000         xr
RAM              0x20000000         0x00002000         xrw
*default*        0x00000000         0xffffffff

Linker script and memory map

LOAD c:/program files/embeddedbuilder_v1.1.0.18805/tools/gnu tools arm embedded/xpack-arm-none-eabi-gcc/9.2.1-1.1/bin/../lib/gcc/arm-none-eabi/9.2.1/thumb/v7e-m/nofp/crti.o
LOAD c:/program files/embeddedbuilder_v1.1.0.18805/tools/gnu tools arm embedded/xpack-arm-none-eabi-gcc/9.2.1-1.1/bin/../lib/gcc/arm-none-eabi/9.2.1/thumb/v7e-m/nofp/crtbegin.o
LOAD c:/program files/embeddedbuilder_v1.1.0.18805/tools/gnu tools arm embedded/xpack-arm-none-eabi-gcc/9.2.1-1.1/bin/../lib/gcc/arm-none-eabi/9.2.1/../../../../arm-none-eabi/lib/thumb/v7e-m/nofp/crt0.o
LOAD ./src/gd32f3x0_hal_init.o
LOAD ./src/gd32f3x0_hal_it.o
LOAD ./src/main.o
LOAD ./firmware/gd32f3x0_hal_peripheral/Source/gd32f3x0_hal_adc.o
LOAD ./firmware/gd32f3x0_hal_peripheral/Source/gd32f3x0_hal_cec.o
LOAD ./firmware/gd32f3x0_hal_peripheral/Source/gd32f3x0_hal_cmp.o
LOAD ./firmware/gd32f3x0_hal_peripheral/Source/gd32f3x0_hal_crc.o
LOAD ./firmware/gd32f3x0_hal_peripheral/Source/gd32f3x0_hal_ctc.o
LOAD ./firmware/gd32f3x0_hal_peripheral/Source/gd32f3x0_hal_dac.o
LOAD ./firmware/gd32f3x0_hal_peripheral/Source/gd32f3x0_hal_dma.o
LOAD ./firmware/gd32f3x0_hal_peripheral/Source/gd32f3x0_hal_exti.o
LOAD ./firmware/gd32f3x0_hal_peripheral/Source/gd32f3x0_hal_fmc.o
LOAD ./firmware/gd32f3x0_hal_peripheral/Source/gd32f3x0_hal_fwdgt.o
LOAD ./firmware/gd32f3x0_hal_peripheral/Source/gd32f3x0_hal_gpio.o
LOAD ./firmware/gd32f3x0_hal_peripheral/Source/gd32f3x0_hal_i2c.o
LOAD ./firmware/gd32f3x0_hal_peripheral/Source/gd32f3x0_hal_i2s.o
LOAD ./firmware/gd32f3x0_hal_peripheral/Source/gd32f3x0_hal_irda.o
LOAD ./firmware/gd32f3x0_hal_peripheral/Source/gd32f3x0_hal_nvic.o
LOAD ./firmware/gd32f3x0_hal_peripheral/Source/gd32f3x0_hal_pmu.o
LOAD ./firmware/gd32f3x0_hal_peripheral/Source/gd32f3x0_hal_rcu.o
LOAD ./firmware/gd32f3x0_hal_peripheral/Source/gd32f3x0_hal_rtc.o
LOAD ./firmware/gd32f3x0_hal_peripheral/Source/gd32f3x0_hal_smartcard.o
LOAD ./firmware/gd32f3x0_hal_peripheral/Source/gd32f3x0_hal_smbus.o
LOAD ./firmware/gd32f3x0_hal_peripheral/Source/gd32f3x0_hal_spi.o
LOAD ./firmware/gd32f3x0_hal_peripheral/Source/gd32f3x0_hal_sys.o
LOAD ./firmware/gd32f3x0_hal_peripheral/Source/gd32f3x0_hal_syscfg.o
LOAD ./firmware/gd32f3x0_hal_peripheral/Source/gd32f3x0_hal_timer.o
LOAD ./firmware/gd32f3x0_hal_peripheral/Source/gd32f3x0_hal_tsi.o
LOAD ./firmware/gd32f3x0_hal_peripheral/Source/gd32f3x0_hal_uart.o
LOAD ./firmware/gd32f3x0_hal_peripheral/Source/gd32f3x0_hal_usrt.o
LOAD ./firmware/gd32f3x0_hal_peripheral/Source/gd32f3x0_hal_wwdgt.o
LOAD ./firmware/cmsis/src/syscalls.o
LOAD ./firmware/cmsis/src/system_gd32f3x0.o
LOAD ./firmware/cmsis/gcc_startup/startup_gd32f3x0.o
START GROUP
LOAD c:/program files/embeddedbuilder_v1.1.0.18805/tools/gnu tools arm embedded/xpack-arm-none-eabi-gcc/9.2.1-1.1/bin/../lib/gcc/arm-none-eabi/9.2.1/thumb/v7e-m/nofp\libgcc.a
LOAD c:/program files/embeddedbuilder_v1.1.0.18805/tools/gnu tools arm embedded/xpack-arm-none-eabi-gcc/9.2.1-1.1/bin/../lib/gcc/arm-none-eabi/9.2.1/../../../../arm-none-eabi/lib/thumb/v7e-m/nofp\libg_nano.a
LOAD c:/program files/embeddedbuilder_v1.1.0.18805/tools/gnu tools arm embedded/xpack-arm-none-eabi-gcc/9.2.1-1.1/bin/../lib/gcc/arm-none-eabi/9.2.1/../../../../arm-none-eabi/lib/thumb/v7e-m/nofp\libc_nano.a
END GROUP
START GROUP
LOAD c:/program files/embeddedbuilder_v1.1.0.18805/tools/gnu tools arm embedded/xpack-arm-none-eabi-gcc/9.2.1-1.1/bin/../lib/gcc/arm-none-eabi/9.2.1/thumb/v7e-m/nofp\libgcc.a
LOAD c:/program files/embeddedbuilder_v1.1.0.18805/tools/gnu tools arm embedded/xpack-arm-none-eabi-gcc/9.2.1-1.1/bin/../lib/gcc/arm-none-eabi/9.2.1/../../../../arm-none-eabi/lib/thumb/v7e-m/nofp\libc_nano.a
LOAD c:/program files/embeddedbuilder_v1.1.0.18805/tools/gnu tools arm embedded/xpack-arm-none-eabi-gcc/9.2.1-1.1/bin/../lib/gcc/arm-none-eabi/9.2.1/../../../../arm-none-eabi/lib/thumb/v7e-m/nofp\libnosys.a
END GROUP
START GROUP
LOAD c:/program files/embeddedbuilder_v1.1.0.18805/tools/gnu tools arm embedded/xpack-arm-none-eabi-gcc/9.2.1-1.1/bin/../lib/gcc/arm-none-eabi/9.2.1/thumb/v7e-m/nofp\libgcc.a
LOAD c:/program files/embeddedbuilder_v1.1.0.18805/tools/gnu tools arm embedded/xpack-arm-none-eabi-gcc/9.2.1-1.1/bin/../lib/gcc/arm-none-eabi/9.2.1/../../../../arm-none-eabi/lib/thumb/v7e-m/nofp\libc_nano.a
LOAD c:/program files/embeddedbuilder_v1.1.0.18805/tools/gnu tools arm embedded/xpack-arm-none-eabi-gcc/9.2.1-1.1/bin/../lib/gcc/arm-none-eabi/9.2.1/../../../../arm-none-eabi/lib/thumb/v7e-m/nofp\libnosys.a
END GROUP
LOAD c:/program files/embeddedbuilder_v1.1.0.18805/tools/gnu tools arm embedded/xpack-arm-none-eabi-gcc/9.2.1-1.1/bin/../lib/gcc/arm-none-eabi/9.2.1/thumb/v7e-m/nofp/crtend.o
LOAD c:/program files/embeddedbuilder_v1.1.0.18805/tools/gnu tools arm embedded/xpack-arm-none-eabi-gcc/9.2.1-1.1/bin/../lib/gcc/arm-none-eabi/9.2.1/thumb/v7e-m/nofp/crtn.o
                0x00000400                __stack_size = DEFINED (__stack_size)?__stack_size:0x400

.vectors        0x08000000      0x150
                0x08000000                . = ALIGN (0x4)
 *(.vectors)
 .vectors       0x08000000      0x150 ./firmware/cmsis/gcc_startup/startup_gd32f3x0.o
                0x08000000                __gVectors
                0x08000150                . = ALIGN (0x4)
                0x08000150                __Vectors_End = .
                0x08000150                __Vectors_Size = (__Vectors_End - __gVectors)

.text           0x08000150     0x5a00
                0x08000150                . = ALIGN (0x4)
 *(.text)
 .text          0x08000150       0xa0 c:/program files/embeddedbuilder_v1.1.0.18805/tools/gnu tools arm embedded/xpack-arm-none-eabi-gcc/9.2.1-1.1/bin/../lib/gcc/arm-none-eabi/9.2.1/../../../../arm-none-eabi/lib/thumb/v7e-m/nofp\libg_nano.a(lib_a-memchr.o)
                0x08000150                memchr
 *(.text*)
 .text.__do_global_dtors_aux
                0x080001f0       0x24 c:/program files/embeddedbuilder_v1.1.0.18805/tools/gnu tools arm embedded/xpack-arm-none-eabi-gcc/9.2.1-1.1/bin/../lib/gcc/arm-none-eabi/9.2.1/thumb/v7e-m/nofp/crtbegin.o
 .text.frame_dummy
                0x08000214       0x1c c:/program files/embeddedbuilder_v1.1.0.18805/tools/gnu tools arm embedded/xpack-arm-none-eabi-gcc/9.2.1-1.1/bin/../lib/gcc/arm-none-eabi/9.2.1/thumb/v7e-m/nofp/crtbegin.o
 .text.msd_system_init
                0x08000230       0x54 ./src/gd32f3x0_hal_init.o
                0x08000230                msd_system_init
 .text.msd_clock_init
                0x08000284       0xe0 ./src/gd32f3x0_hal_init.o
                0x08000284                msd_clock_init
 .text.msd_dma_init
                0x08000364       0x1a ./src/gd32f3x0_hal_init.o
                0x08000364                msd_dma_init
 .text.msd_gpio_init
                0x0800037e       0x20 ./src/gd32f3x0_hal_init.o
                0x0800037e                msd_gpio_init
 *fill*         0x0800039e        0x2 
 .text.msd_adc_init
                0x080003a0      0x13c ./src/gd32f3x0_hal_init.o
                0x080003a0                msd_adc_init
 .text.msd_usart0_init
                0x080004dc       0xec ./src/gd32f3x0_hal_init.o
                0x080004dc                msd_usart0_init
 .text.NMI_Handler
                0x080005c8        0xc ./src/gd32f3x0_hal_it.o
                0x080005c8                NMI_Handler
 .text.SVC_Handler
                0x080005d4        0xc ./src/gd32f3x0_hal_it.o
                0x080005d4                SVC_Handler
 .text.PendSV_Handler
                0x080005e0        0xc ./src/gd32f3x0_hal_it.o
                0x080005e0                PendSV_Handler
 .text.SysTick_Handler
                0x080005ec        0xc ./src/gd32f3x0_hal_it.o
                0x080005ec                SysTick_Handler
 .text.DMA_Channel0_IRQHandler
                0x080005f8       0x14 ./src/gd32f3x0_hal_it.o
                0x080005f8                DMA_Channel0_IRQHandler
 .text.main     0x0800060c       0x68 ./src/main.o
                0x0800060c                main
 .text.__io_putchar
                0x08000674       0x38 ./src/main.o
                0x08000674                __io_putchar
 .text.hal_adc_struct_init
                0x080006ac      0x178 ./firmware/gd32f3x0_hal_peripheral/Source/gd32f3x0_hal_adc.o
                0x080006ac                hal_adc_struct_init
 .text.hal_adc_init
                0x08000824       0xc8 ./firmware/gd32f3x0_hal_peripheral/Source/gd32f3x0_hal_adc.o
                0x08000824                hal_adc_init
 .text.hal_adc_routine_channel_config
                0x080008ec      0x10c ./firmware/gd32f3x0_hal_peripheral/Source/gd32f3x0_hal_adc.o
                0x080008ec                hal_adc_routine_channel_config
 .text.hal_adc_routine_rank_config
                0x080009f8       0xb4 ./firmware/gd32f3x0_hal_peripheral/Source/gd32f3x0_hal_adc.o
                0x080009f8                hal_adc_routine_rank_config
 .text.hal_adc_error_get
                0x08000aac       0x16 ./firmware/gd32f3x0_hal_peripheral/Source/gd32f3x0_hal_adc.o
                0x08000aac                hal_adc_error_get
 .text.hal_adc_state_get
                0x08000ac2       0x16 ./firmware/gd32f3x0_hal_peripheral/Source/gd32f3x0_hal_adc.o
                0x08000ac2                hal_adc_state_get
 .text._adc_disable
                0x08000ad8       0x52 ./firmware/gd32f3x0_hal_peripheral/Source/gd32f3x0_hal_adc.o
 *fill*         0x08000b2a        0x2 
 .text._adc_enable_state_get
                0x08000b2c       0x24 ./firmware/gd32f3x0_hal_peripheral/Source/gd32f3x0_hal_adc.o
 .text._adc_state_set
                0x08000b50       0x24 ./firmware/gd32f3x0_hal_peripheral/Source/gd32f3x0_hal_adc.o
 .text._adc_state_clear
                0x08000b74       0x2e ./firmware/gd32f3x0_hal_peripheral/Source/gd32f3x0_hal_adc.o
 .text._adc_error_set
                0x08000ba2       0x24 ./firmware/gd32f3x0_hal_peripheral/Source/gd32f3x0_hal_adc.o
 *fill*         0x08000bc6        0x2 
 .text.hals_adc_enable
                0x08000bc8       0x28 ./firmware/gd32f3x0_hal_peripheral/Source/gd32f3x0_hal_adc.o
                0x08000bc8                hals_adc_enable
 .text.hals_adc_disable
                0x08000bf0       0x1c ./firmware/gd32f3x0_hal_peripheral/Source/gd32f3x0_hal_adc.o
                0x08000bf0                hals_adc_disable
 .text.hals_adc_calibration_enable
                0x08000c0c       0x48 ./firmware/gd32f3x0_hal_peripheral/Source/gd32f3x0_hal_adc.o
                0x08000c0c                hals_adc_calibration_enable
 .text.hals_adc_dma_mode_enable
                0x08000c54       0x1c ./firmware/gd32f3x0_hal_peripheral/Source/gd32f3x0_hal_adc.o
                0x08000c54                hals_adc_dma_mode_enable
 .text.hals_adc_special_function_config
                0x08000c70       0xac ./firmware/gd32f3x0_hal_peripheral/Source/gd32f3x0_hal_adc.o
                0x08000c70                hals_adc_special_function_config
 .text.hals_adc_data_alignment_config
                0x08000d1c       0x38 ./firmware/gd32f3x0_hal_peripheral/Source/gd32f3x0_hal_adc.o
                0x08000d1c                hals_adc_data_alignment_config
 .text.hals_adc_channel_length_config
                0x08000d54       0x70 ./firmware/gd32f3x0_hal_peripheral/Source/gd32f3x0_hal_adc.o
                0x08000d54                hals_adc_channel_length_config
 .text.hals_adc_routine_channel_config
                0x08000dc4      0x16c ./firmware/gd32f3x0_hal_peripheral/Source/gd32f3x0_hal_adc.o
                0x08000dc4                hals_adc_routine_channel_config
 .text.hals_adc_external_trigger_config
                0x08000f30       0x80 ./firmware/gd32f3x0_hal_peripheral/Source/gd32f3x0_hal_adc.o
                0x08000f30                hals_adc_external_trigger_config
 .text.hals_adc_external_trigger_source_config
                0x08000fb0       0x5c ./firmware/gd32f3x0_hal_peripheral/Source/gd32f3x0_hal_adc.o
                0x08000fb0                hals_adc_external_trigger_source_config
 .text.hals_adc_software_trigger_enable
                0x0800100c       0x44 ./firmware/gd32f3x0_hal_peripheral/Source/gd32f3x0_hal_adc.o
                0x0800100c                hals_adc_software_trigger_enable
 .text.hals_adc_resolution_config
                0x08001050       0x30 ./firmware/gd32f3x0_hal_peripheral/Source/gd32f3x0_hal_adc.o
                0x08001050                hals_adc_resolution_config
 .text.hals_adc_oversample_mode_config
                0x08001080       0x5c ./firmware/gd32f3x0_hal_peripheral/Source/gd32f3x0_hal_adc.o
                0x08001080                hals_adc_oversample_mode_config
 .text.hals_adc_oversample_mode_enable
                0x080010dc       0x1c ./firmware/gd32f3x0_hal_peripheral/Source/gd32f3x0_hal_adc.o
                0x080010dc                hals_adc_oversample_mode_enable
 .text.hals_adc_oversample_mode_disable
                0x080010f8       0x1c ./firmware/gd32f3x0_hal_peripheral/Source/gd32f3x0_hal_adc.o
                0x080010f8                hals_adc_oversample_mode_disable
 .text.hal_dma_init
                0x08001114      0x14c ./firmware/gd32f3x0_hal_peripheral/Source/gd32f3x0_hal_dma.o
                0x08001114                hal_dma_init
 .text.hal_dma_struct_init
                0x08001260       0xa4 ./firmware/gd32f3x0_hal_peripheral/Source/gd32f3x0_hal_dma.o
                0x08001260                hal_dma_struct_init
 .text.hal_dma_start
                0x08001304       0xc4 ./firmware/gd32f3x0_hal_peripheral/Source/gd32f3x0_hal_dma.o
                0x08001304                hal_dma_start
 .text.hal_dma_irq
                0x080013c8       0xe8 ./firmware/gd32f3x0_hal_peripheral/Source/gd32f3x0_hal_dma.o
                0x080013c8                hal_dma_irq
 .text.hals_dma_channel_enable
                0x080014b0       0x44 ./firmware/gd32f3x0_hal_peripheral/Source/gd32f3x0_hal_dma.o
                0x080014b0                hals_dma_channel_enable
 .text.hals_dma_channel_disable
                0x080014f4       0x44 ./firmware/gd32f3x0_hal_peripheral/Source/gd32f3x0_hal_dma.o
                0x080014f4                hals_dma_channel_disable
 .text.hals_dma_periph_address_config
                0x08001538       0x30 ./firmware/gd32f3x0_hal_peripheral/Source/gd32f3x0_hal_dma.o
                0x08001538                hals_dma_periph_address_config
 .text.hals_dma_memory_address_config
                0x08001568       0x30 ./firmware/gd32f3x0_hal_peripheral/Source/gd32f3x0_hal_dma.o
                0x08001568                hals_dma_memory_address_config
 .text.hals_dma_transfer_number_config
                0x08001598       0x34 ./firmware/gd32f3x0_hal_peripheral/Source/gd32f3x0_hal_dma.o
                0x08001598                hals_dma_transfer_number_config
 .text.hals_dma_interrupt_disable
                0x080015cc       0x48 ./firmware/gd32f3x0_hal_peripheral/Source/gd32f3x0_hal_dma.o
                0x080015cc                hals_dma_interrupt_disable
 .text.hals_dma_interrupt_flag_get
                0x08001614       0xd8 ./firmware/gd32f3x0_hal_peripheral/Source/gd32f3x0_hal_dma.o
                0x08001614                hals_dma_interrupt_flag_get
 .text.hals_dma_interrupt_flag_clear
                0x080016ec       0x30 ./firmware/gd32f3x0_hal_peripheral/Source/gd32f3x0_hal_dma.o
                0x080016ec                hals_dma_interrupt_flag_clear
 .text.hal_gpio_init
                0x0800171c      0x22c ./firmware/gd32f3x0_hal_peripheral/Source/gd32f3x0_hal_gpio.o
                0x0800171c                hal_gpio_init
 .text.hal_gpio_struct_init
                0x08001948       0x2c ./firmware/gd32f3x0_hal_peripheral/Source/gd32f3x0_hal_gpio.o
                0x08001948                hal_gpio_struct_init
 .text.hals_irda_mode_disable
                0x08001974       0x2e ./firmware/gd32f3x0_hal_peripheral/Source/gd32f3x0_hal_irda.o
                0x08001974                hals_irda_mode_disable
 *fill*         0x080019a2        0x2 
 .text.NVIC_GetPriorityGrouping
                0x080019a4       0x1c ./firmware/gd32f3x0_hal_peripheral/Source/gd32f3x0_hal_nvic.o
 .text.NVIC_SetPriority
                0x080019c0       0x54 ./firmware/gd32f3x0_hal_peripheral/Source/gd32f3x0_hal_nvic.o
 .text.NVIC_EncodePriority
                0x08001a14       0x64 ./firmware/gd32f3x0_hal_peripheral/Source/gd32f3x0_hal_nvic.o
 .text.hal_nvic_irq_priority_group_set
                0x08001a78       0x24 ./firmware/gd32f3x0_hal_peripheral/Source/gd32f3x0_hal_nvic.o
                0x08001a78                hal_nvic_irq_priority_group_set
 .text.hal_nvic_irq_enable
                0x08001a9c      0x104 ./firmware/gd32f3x0_hal_peripheral/Source/gd32f3x0_hal_nvic.o
                0x08001a9c                hal_nvic_irq_enable
 .text.hal_nvic_set_priority
                0x08001ba0       0x42 ./firmware/gd32f3x0_hal_peripheral/Source/gd32f3x0_hal_nvic.o
                0x08001ba0                hal_nvic_set_priority
 *fill*         0x08001be2        0x2 
 .text.hals_nvic_vector_table_set
                0x08001be4       0x2c ./firmware/gd32f3x0_hal_peripheral/Source/gd32f3x0_hal_nvic.o
                0x08001be4                hals_nvic_vector_table_set
 .text.hals_pmu_backup_write_enable
                0x08001c10       0x1c ./firmware/gd32f3x0_hal_peripheral/Source/gd32f3x0_hal_pmu.o
                0x08001c10                hals_pmu_backup_write_enable
 .text.hal_rcu_osci_config
                0x08001c2c      0x534 ./firmware/gd32f3x0_hal_peripheral/Source/gd32f3x0_hal_rcu.o
                0x08001c2c                hal_rcu_osci_config
 .text.hal_rcu_deinit
                0x08002160      0x12c ./firmware/gd32f3x0_hal_peripheral/Source/gd32f3x0_hal_rcu.o
                0x08002160                hal_rcu_deinit
 .text.hal_rcu_struct_init
                0x0800228c       0xce ./firmware/gd32f3x0_hal_peripheral/Source/gd32f3x0_hal_rcu.o
                0x0800228c                hal_rcu_struct_init
 .text.hal_rcu_periph_clk_enable
                0x0800235a       0x44 ./firmware/gd32f3x0_hal_peripheral/Source/gd32f3x0_hal_rcu.o
                0x0800235a                hal_rcu_periph_clk_enable
 .text.hal_rcu_periph_clk_disable
                0x0800239e       0x48 ./firmware/gd32f3x0_hal_peripheral/Source/gd32f3x0_hal_rcu.o
                0x0800239e                hal_rcu_periph_clk_disable
 .text.hal_rcu_periph_reset_enable
                0x080023e6       0x44 ./firmware/gd32f3x0_hal_peripheral/Source/gd32f3x0_hal_rcu.o
                0x080023e6                hal_rcu_periph_reset_enable
 .text.hal_rcu_periph_reset_disable
                0x0800242a       0x48 ./firmware/gd32f3x0_hal_peripheral/Source/gd32f3x0_hal_rcu.o
                0x0800242a                hal_rcu_periph_reset_disable
 *fill*         0x08002472        0x2 
 .text.hal_rcu_periph_clock_config
                0x08002474      0x124 ./firmware/gd32f3x0_hal_peripheral/Source/gd32f3x0_hal_rcu.o
                0x08002474                hal_rcu_periph_clock_config
 .text.hal_rcu_periph_clkfreq_get
                0x08002598      0x13c ./firmware/gd32f3x0_hal_peripheral/Source/gd32f3x0_hal_rcu.o
                0x08002598                hal_rcu_periph_clkfreq_get
 .text.hal_rcu_clock_config
                0x080026d4      0x110 ./firmware/gd32f3x0_hal_peripheral/Source/gd32f3x0_hal_rcu.o
                0x080026d4                hal_rcu_clock_config
 .text.hals_rcu_bkp_reset_enable
                0x080027e4       0x1c ./firmware/gd32f3x0_hal_peripheral/Source/gd32f3x0_hal_rcu.o
                0x080027e4                hals_rcu_bkp_reset_enable
 .text.hals_rcu_bkp_reset_disable
                0x08002800       0x1c ./firmware/gd32f3x0_hal_peripheral/Source/gd32f3x0_hal_rcu.o
                0x08002800                hals_rcu_bkp_reset_disable
 .text.hals_rcu_flag_get
                0x0800281c       0x3c ./firmware/gd32f3x0_hal_peripheral/Source/gd32f3x0_hal_rcu.o
                0x0800281c                hals_rcu_flag_get
 .text.hals_rcu_osci_stab_wait
                0x08002858      0x204 ./firmware/gd32f3x0_hal_peripheral/Source/gd32f3x0_hal_rcu.o
                0x08002858                hals_rcu_osci_stab_wait
 .text.hals_rcu_rtc_clock_config
                0x08002a5c       0x30 ./firmware/gd32f3x0_hal_peripheral/Source/gd32f3x0_hal_rcu.o
                0x08002a5c                hals_rcu_rtc_clock_config
 .text.hals_rcu_usart_clock_config
                0x08002a8c       0x30 ./firmware/gd32f3x0_hal_peripheral/Source/gd32f3x0_hal_rcu.o
                0x08002a8c                hals_rcu_usart_clock_config
 .text.hals_rcu_adc_clock_config
                0x08002abc      0x19c ./firmware/gd32f3x0_hal_peripheral/Source/gd32f3x0_hal_rcu.o
                0x08002abc                hals_rcu_adc_clock_config
 .text.hals_rcu_clock_freq_get
                0x08002c58      0x3c8 ./firmware/gd32f3x0_hal_peripheral/Source/gd32f3x0_hal_rcu.o
                0x08002c58                hals_rcu_clock_freq_get
 .text.hals_rcu_system_clock_source_get
                0x08003020       0x18 ./firmware/gd32f3x0_hal_peripheral/Source/gd32f3x0_hal_rcu.o
                0x08003020                hals_rcu_system_clock_source_get
 .text.hals_rcu_osci_on
                0x08003038       0x44 ./firmware/gd32f3x0_hal_peripheral/Source/gd32f3x0_hal_rcu.o
                0x08003038                hals_rcu_osci_on
 .text.hals_rcu_osci_off
                0x0800307c       0x48 ./firmware/gd32f3x0_hal_peripheral/Source/gd32f3x0_hal_rcu.o
                0x0800307c                hals_rcu_osci_off
 .text.hals_rcu_osci_bypass_mode_enable
                0x080030c4       0xa4 ./firmware/gd32f3x0_hal_peripheral/Source/gd32f3x0_hal_rcu.o
                0x080030c4                hals_rcu_osci_bypass_mode_enable
 .text.hals_rcu_osci_bypass_mode_disable
                0x08003168       0xa4 ./firmware/gd32f3x0_hal_peripheral/Source/gd32f3x0_hal_rcu.o
                0x08003168                hals_rcu_osci_bypass_mode_disable
 .text.hals_rcu_irc8m_adjust_value_set
                0x0800320c       0x38 ./firmware/gd32f3x0_hal_peripheral/Source/gd32f3x0_hal_rcu.o
                0x0800320c                hals_rcu_irc8m_adjust_value_set
 .text.hals_rcu_irc28m_adjust_value_set
                0x08003244       0x38 ./firmware/gd32f3x0_hal_peripheral/Source/gd32f3x0_hal_rcu.o
                0x08003244                hals_rcu_irc28m_adjust_value_set
 .text.hals_rcu_pll_preselection_config
                0x0800327c       0x30 ./firmware/gd32f3x0_hal_peripheral/Source/gd32f3x0_hal_rcu.o
                0x0800327c                hals_rcu_pll_preselection_config
 .text.hals_rcu_hxtal_prediv_config
                0x080032ac       0x34 ./firmware/gd32f3x0_hal_peripheral/Source/gd32f3x0_hal_rcu.o
                0x080032ac                hals_rcu_hxtal_prediv_config
 .text.hals_rcu_pll_config
                0x080032e0       0x5c ./firmware/gd32f3x0_hal_peripheral/Source/gd32f3x0_hal_rcu.o
                0x080032e0                hals_rcu_pll_config
 .text.hals_rcu_system_clock_source_config
                0x0800333c       0x34 ./firmware/gd32f3x0_hal_peripheral/Source/gd32f3x0_hal_rcu.o
                0x0800333c                hals_rcu_system_clock_source_config
 .text.hals_rcu_ahb_clock_config
                0x08003370       0x34 ./firmware/gd32f3x0_hal_peripheral/Source/gd32f3x0_hal_rcu.o
                0x08003370                hals_rcu_ahb_clock_config
 .text.hals_rcu_apb1_clock_config
                0x080033a4       0x34 ./firmware/gd32f3x0_hal_peripheral/Source/gd32f3x0_hal_rcu.o
                0x080033a4                hals_rcu_apb1_clock_config
 .text.hals_rcu_apb2_clock_config
                0x080033d8       0x34 ./firmware/gd32f3x0_hal_peripheral/Source/gd32f3x0_hal_rcu.o
                0x080033d8                hals_rcu_apb2_clock_config
 .text.hals_rcu_ck48m_clock_config
                0x0800340c       0x30 ./firmware/gd32f3x0_hal_peripheral/Source/gd32f3x0_hal_rcu.o
                0x0800340c                hals_rcu_ck48m_clock_config
 .text.hals_smartcard_mode_disable
                0x0800343c       0x2e ./firmware/gd32f3x0_hal_peripheral/Source/gd32f3x0_hal_smartcard.o
                0x0800343c                hals_smartcard_mode_disable
 *fill*         0x0800346a        0x2 
 .text.NVIC_SetPriority
                0x0800346c       0x54 ./firmware/gd32f3x0_hal_peripheral/Source/gd32f3x0_hal_sys.o
 .text.SysTick_Config
                0x080034c0       0x44 ./firmware/gd32f3x0_hal_peripheral/Source/gd32f3x0_hal_sys.o
 .text.hal_sys_debug_init
                0x08003504       0x20 ./firmware/gd32f3x0_hal_peripheral/Source/gd32f3x0_hal_sys.o
                0x08003504                hal_sys_debug_init
 .text.hal_sys_timesource_init
                0x08003524       0x58 ./firmware/gd32f3x0_hal_peripheral/Source/gd32f3x0_hal_sys.o
                0x08003524                hal_sys_timesource_init
 .text.hal_sys_basetick_count_get
                0x0800357c       0x14 ./firmware/gd32f3x0_hal_peripheral/Source/gd32f3x0_hal_sys.o
                0x0800357c                hal_sys_basetick_count_get
 .text.hal_sys_basetick_timeout_check
                0x08003590       0x2c ./firmware/gd32f3x0_hal_peripheral/Source/gd32f3x0_hal_sys.o
                0x08003590                hal_sys_basetick_timeout_check
 .text.hal_sys_basetick_delay_ms
                0x080035bc       0x34 ./firmware/gd32f3x0_hal_peripheral/Source/gd32f3x0_hal_sys.o
                0x080035bc                hal_sys_basetick_delay_ms
 .text.hal_sys_basetick_irq
                0x080035f0       0xb4 ./firmware/gd32f3x0_hal_peripheral/Source/gd32f3x0_hal_sys.o
                0x080035f0                hal_sys_basetick_irq
 .text._sys_systick_init
                0x080036a4       0x3c ./firmware/gd32f3x0_hal_peripheral/Source/gd32f3x0_hal_sys.o
 .text._sys_basetick_timer_init
                0x080036e0      0x140 ./firmware/gd32f3x0_hal_peripheral/Source/gd32f3x0_hal_sys.o
 .text.hal_timer_init
                0x08003820      0x168 ./firmware/gd32f3x0_hal_peripheral/Source/gd32f3x0_hal_timer.o
                0x08003820                hal_timer_init
 .text.hal_timer_struct_init
                0x08003988      0x320 ./firmware/gd32f3x0_hal_peripheral/Source/gd32f3x0_hal_timer.o
                0x08003988                hal_timer_struct_init
 .text.hal_timer_deinit
                0x08003ca8      0x100 ./firmware/gd32f3x0_hal_peripheral/Source/gd32f3x0_hal_timer.o
                0x08003ca8                hal_timer_deinit
 .text.hals_timer_enable
                0x08003da8       0x1e ./firmware/gd32f3x0_hal_peripheral/Source/gd32f3x0_hal_timer.o
                0x08003da8                hals_timer_enable
 .text.hals_timer_master_output_trigger_source_select
                0x08003dc6       0x36 ./firmware/gd32f3x0_hal_peripheral/Source/gd32f3x0_hal_timer.o
                0x08003dc6                hals_timer_master_output_trigger_source_select
 .text.hals_timer_master_slave_mode_config
                0x08003dfc       0x42 ./firmware/gd32f3x0_hal_peripheral/Source/gd32f3x0_hal_timer.o
                0x08003dfc                hals_timer_master_slave_mode_config
 .text.hals_timer_interrupt_enable
                0x08003e3e       0x26 ./firmware/gd32f3x0_hal_peripheral/Source/gd32f3x0_hal_timer.o
                0x08003e3e                hals_timer_interrupt_enable
 .text.hals_timer_interrupt_flag_clear
                0x08003e64       0x20 ./firmware/gd32f3x0_hal_peripheral/Source/gd32f3x0_hal_timer.o
                0x08003e64                hals_timer_interrupt_flag_clear
 .text.hal_uart_struct_init
                0x08003e84      0x1f8 ./firmware/gd32f3x0_hal_peripheral/Source/gd32f3x0_hal_uart.o
                0x08003e84                hal_uart_struct_init
 .text.hal_uart_init
                0x0800407c      0x392 ./firmware/gd32f3x0_hal_peripheral/Source/gd32f3x0_hal_uart.o
                0x0800407c                hal_uart_init
 *fill*         0x0800440e        0x2 
 .text.hals_uart_baudrate_set
                0x08004410       0xcc ./firmware/gd32f3x0_hal_peripheral/Source/gd32f3x0_hal_uart.o
                0x08004410                hals_uart_baudrate_set
 .text.hals_uart_enable
                0x080044dc       0x1e ./firmware/gd32f3x0_hal_peripheral/Source/gd32f3x0_hal_uart.o
                0x080044dc                hals_uart_enable
 .text.hals_uart_disable
                0x080044fa       0x1e ./firmware/gd32f3x0_hal_peripheral/Source/gd32f3x0_hal_uart.o
                0x080044fa                hals_uart_disable
 .text.hals_uart_data_transmit
                0x08004518       0x22 ./firmware/gd32f3x0_hal_peripheral/Source/gd32f3x0_hal_uart.o
                0x08004518                hals_uart_data_transmit
 .text.hals_uart_address_config
                0x0800453a       0x44 ./firmware/gd32f3x0_hal_peripheral/Source/gd32f3x0_hal_uart.o
                0x0800453a                hals_uart_address_config
 .text.hals_uart_address_detection_mode_config
                0x0800457e       0x44 ./firmware/gd32f3x0_hal_peripheral/Source/gd32f3x0_hal_uart.o
                0x0800457e                hals_uart_address_detection_mode_config
 .text.hals_uart_mute_mode_enable
                0x080045c2       0x1e ./firmware/gd32f3x0_hal_peripheral/Source/gd32f3x0_hal_uart.o
                0x080045c2                hals_uart_mute_mode_enable
 .text.hals_uart_mute_mode_wakeup_config
                0x080045e0       0x38 ./firmware/gd32f3x0_hal_peripheral/Source/gd32f3x0_hal_uart.o
                0x080045e0                hals_uart_mute_mode_wakeup_config
 .text.hals_uart_lin_mode_enable
                0x08004618       0x2e ./firmware/gd32f3x0_hal_peripheral/Source/gd32f3x0_hal_uart.o
                0x08004618                hals_uart_lin_mode_enable
 .text.hals_uart_lin_mode_disable
                0x08004646       0x2e ./firmware/gd32f3x0_hal_peripheral/Source/gd32f3x0_hal_uart.o
                0x08004646                hals_uart_lin_mode_disable
 .text.hals_uart_lin_break_detection_length_config
                0x08004674       0x44 ./firmware/gd32f3x0_hal_peripheral/Source/gd32f3x0_hal_uart.o
                0x08004674                hals_uart_lin_break_detection_length_config
 .text.hals_uart_halfduplex_enable
                0x080046b8       0x2e ./firmware/gd32f3x0_hal_peripheral/Source/gd32f3x0_hal_uart.o
                0x080046b8                hals_uart_halfduplex_enable
 .text.hals_uart_halfduplex_disable
                0x080046e6       0x2e ./firmware/gd32f3x0_hal_peripheral/Source/gd32f3x0_hal_uart.o
                0x080046e6                hals_uart_halfduplex_disable
 .text.hals_uart_rs485_driver_enable
                0x08004714       0x2e ./firmware/gd32f3x0_hal_peripheral/Source/gd32f3x0_hal_uart.o
                0x08004714                hals_uart_rs485_driver_enable
 .text.hals_uart_driver_assertime_config
                0x08004742       0x3e ./firmware/gd32f3x0_hal_peripheral/Source/gd32f3x0_hal_uart.o
                0x08004742                hals_uart_driver_assertime_config
 .text.hals_uart_driver_deassertime_config
                0x08004780       0x3e ./firmware/gd32f3x0_hal_peripheral/Source/gd32f3x0_hal_uart.o
                0x08004780                hals_uart_driver_deassertime_config
 .text.hals_uart_depolarity_config
                0x080047be       0x44 ./firmware/gd32f3x0_hal_peripheral/Source/gd32f3x0_hal_uart.o
                0x080047be                hals_uart_depolarity_config
 .text.hals_uart_flag_get
                0x08004802       0x3c ./firmware/gd32f3x0_hal_peripheral/Source/gd32f3x0_hal_uart.o
                0x08004802                hals_uart_flag_get
 .text._uart_data_bit_mask_get
                0x0800483e       0x56 ./firmware/gd32f3x0_hal_peripheral/Source/gd32f3x0_hal_uart.o
 .text.hals_usrt_clock_disable
                0x08004894       0x2e ./firmware/gd32f3x0_hal_peripheral/Source/gd32f3x0_hal_usrt.o
                0x08004894                hals_usrt_clock_disable
 *fill*         0x080048c2        0x2 
 .text._sbrk    0x080048c4       0x58 ./firmware/cmsis/src/syscalls.o
                0x080048c4                _sbrk
 .text._write   0x0800491c       0x3a ./firmware/cmsis/src/syscalls.o
                0x0800491c                _write
 .text._close   0x08004956       0x16 ./firmware/cmsis/src/syscalls.o
                0x08004956                _close
 .text._fstat   0x0800496c       0x1e ./firmware/cmsis/src/syscalls.o
                0x0800496c                _fstat
 .text._isatty  0x0800498a       0x14 ./firmware/cmsis/src/syscalls.o
                0x0800498a                _isatty
 .text._lseek   0x0800499e       0x18 ./firmware/cmsis/src/syscalls.o
                0x0800499e                _lseek
 .text._read    0x080049b6       0x3a ./firmware/cmsis/src/syscalls.o
                0x080049b6                _read
 .text.SystemInit
                0x080049f0      0x160 ./firmware/cmsis/src/system_gd32f3x0.o
                0x080049f0                SystemInit
 .text.Reset_Handler
                0x08004b50       0x44 ./firmware/cmsis/gcc_startup/startup_gd32f3x0.o
                0x08004b50                Reset_Handler
 .text.Default_Handler
                0x08004b94        0x2 ./firmware/cmsis/gcc_startup/startup_gd32f3x0.o
                0x08004b94                TIMER2_IRQHandler
                0x08004b94                DebugMon_Handler
                0x08004b94                LVD_IRQHandler
                0x08004b94                TSI_IRQHandler
                0x08004b94                HardFault_Handler
                0x08004b94                TIMER15_IRQHandler
                0x08004b94                USBFS_WKUP_IRQHandler
                0x08004b94                TIMER5_DAC_IRQHandler
                0x08004b94                USBFS_IRQHandler
                0x08004b94                I2C0_EV_IRQHandler
                0x08004b94                ADC_CMP_IRQHandler
                0x08004b94                UsageFault_Handler
                0x08004b94                SPI1_IRQHandler
                0x08004b94                DMA_Channel3_4_IRQHandler
                0x08004b94                TIMER14_IRQHandler
                0x08004b94                TIMER16_IRQHandler
                0x08004b94                EXTI2_3_IRQHandler
                0x08004b94                I2C0_ER_IRQHandler
                0x08004b94                RTC_IRQHandler
                0x08004b94                USART0_IRQHandler
                0x08004b94                TIMER1_IRQHandler
                0x08004b94                TIMER13_IRQHandler
                0x08004b94                I2C1_EV_IRQHandler
                0x08004b94                EXTI4_15_IRQHandler
                0x08004b94                Default_Handler
                0x08004b94                CEC_IRQHandler
                0x08004b94                WWDGT_IRQHandler
                0x08004b94                DMA_Channel5_6_IRQHandler
                0x08004b94                TIMER0_BRK_UP_TRG_COM_IRQHandler
                0x08004b94                EXTI0_1_IRQHandler
                0x08004b94                MemManage_Handler
                0x08004b94                DMA_Channel1_2_IRQHandler
                0x08004b94                RCU_CTC_IRQHandler
                0x08004b94                TIMER0_Channel_IRQHandler
                0x08004b94                SPI0_IRQHandler
                0x08004b94                BusFault_Handler
                0x08004b94                USART1_IRQHandler
                0x08004b94                I2C1_ER_IRQHandler
                0x08004b94                FMC_IRQHandler
 .text.memset   0x08004b96       0x10 c:/program files/embeddedbuilder_v1.1.0.18805/tools/gnu tools arm embedded/xpack-arm-none-eabi-gcc/9.2.1-1.1/bin/../lib/gcc/arm-none-eabi/9.2.1/../../../../arm-none-eabi/lib/thumb/v7e-m/nofp\libg_nano.a(lib_a-memset.o)
                0x08004b96                memset
 *fill*         0x08004ba6        0x2 
 .text.printf   0x08004ba8       0x30 c:/program files/embeddedbuilder_v1.1.0.18805/tools/gnu tools arm embedded/xpack-arm-none-eabi-gcc/9.2.1-1.1/bin/../lib/gcc/arm-none-eabi/9.2.1/../../../../arm-none-eabi/lib/thumb/v7e-m/nofp\libg_nano.a(lib_a-printf.o)
                0x08004ba8                iprintf
                0x08004ba8                printf
 .text._puts_r  0x08004bd8       0xdc c:/program files/embeddedbuilder_v1.1.0.18805/tools/gnu tools arm embedded/xpack-arm-none-eabi-gcc/9.2.1-1.1/bin/../lib/gcc/arm-none-eabi/9.2.1/../../../../arm-none-eabi/lib/thumb/v7e-m/nofp\libg_nano.a(lib_a-puts.o)
                0x08004bd8                _puts_r
 .text.puts     0x08004cb4       0x10 c:/program files/embeddedbuilder_v1.1.0.18805/tools/gnu tools arm embedded/xpack-arm-none-eabi-gcc/9.2.1-1.1/bin/../lib/gcc/arm-none-eabi/9.2.1/../../../../arm-none-eabi/lib/thumb/v7e-m/nofp\libg_nano.a(lib_a-puts.o)
                0x08004cb4                puts
 .text.__swbuf_r
                0x08004cc4       0xa4 c:/program files/embeddedbuilder_v1.1.0.18805/tools/gnu tools arm embedded/xpack-arm-none-eabi-gcc/9.2.1-1.1/bin/../lib/gcc/arm-none-eabi/9.2.1/../../../../arm-none-eabi/lib/thumb/v7e-m/nofp\libg_nano.a(lib_a-wbuf.o)
                0x08004cc4                __swbuf_r
 .text.__swsetup_r
                0x08004d68       0xdc c:/program files/embeddedbuilder_v1.1.0.18805/tools/gnu tools arm embedded/xpack-arm-none-eabi-gcc/9.2.1-1.1/bin/../lib/gcc/arm-none-eabi/9.2.1/../../../../arm-none-eabi/lib/thumb/v7e-m/nofp\libg_nano.a(lib_a-wsetup.o)
                0x08004d68                __swsetup_r
 .text.__sflush_r
                0x08004e44      0x10c c:/program files/embeddedbuilder_v1.1.0.18805/tools/gnu tools arm embedded/xpack-arm-none-eabi-gcc/9.2.1-1.1/bin/../lib/gcc/arm-none-eabi/9.2.1/../../../../arm-none-eabi/lib/thumb/v7e-m/nofp\libg_nano.a(lib_a-fflush.o)
                0x08004e44                __sflush_r
 .text._fflush_r
                0x08004f50       0x78 c:/program files/embeddedbuilder_v1.1.0.18805/tools/gnu tools arm embedded/xpack-arm-none-eabi-gcc/9.2.1-1.1/bin/../lib/gcc/arm-none-eabi/9.2.1/../../../../arm-none-eabi/lib/thumb/v7e-m/nofp\libg_nano.a(lib_a-fflush.o)
                0x08004f50                _fflush_r
 .text.std      0x08004fc8       0x48 c:/program files/embeddedbuilder_v1.1.0.18805/tools/gnu tools arm embedded/xpack-arm-none-eabi-gcc/9.2.1-1.1/bin/../lib/gcc/arm-none-eabi/9.2.1/../../../../arm-none-eabi/lib/thumb/v7e-m/nofp\libg_nano.a(lib_a-findfp.o)
 .text._cleanup_r
                0x08005010        0xc c:/program files/embeddedbuilder_v1.1.0.18805/tools/gnu tools arm embedded/xpack-arm-none-eabi-gcc/9.2.1-1.1/bin/../lib/gcc/arm-none-eabi/9.2.1/../../../../arm-none-eabi/lib/thumb/v7e-m/nofp\libg_nano.a(lib_a-findfp.o)
                0x08005010                _cleanup_r
 .text.__sfmoreglue
                0x0800501c       0x2c c:/program files/embeddedbuilder_v1.1.0.18805/tools/gnu tools arm embedded/xpack-arm-none-eabi-gcc/9.2.1-1.1/bin/../lib/gcc/arm-none-eabi/9.2.1/../../../../arm-none-eabi/lib/thumb/v7e-m/nofp\libg_nano.a(lib_a-findfp.o)
                0x0800501c                __sfmoreglue
 .text.__sfp_lock_acquire
                0x08005048        0xc c:/program files/embeddedbuilder_v1.1.0.18805/tools/gnu tools arm embedded/xpack-arm-none-eabi-gcc/9.2.1-1.1/bin/../lib/gcc/arm-none-eabi/9.2.1/../../../../arm-none-eabi/lib/thumb/v7e-m/nofp\libg_nano.a(lib_a-findfp.o)
                0x08005048                __sfp_lock_acquire
 .text.__sfp_lock_release
                0x08005054        0xc c:/program files/embeddedbuilder_v1.1.0.18805/tools/gnu tools arm embedded/xpack-arm-none-eabi-gcc/9.2.1-1.1/bin/../lib/gcc/arm-none-eabi/9.2.1/../../../../arm-none-eabi/lib/thumb/v7e-m/nofp\libg_nano.a(lib_a-findfp.o)
                0x08005054                __sfp_lock_release
 .text.__sinit_lock_acquire
                0x08005060        0xc c:/program files/embeddedbuilder_v1.1.0.18805/tools/gnu tools arm embedded/xpack-arm-none-eabi-gcc/9.2.1-1.1/bin/../lib/gcc/arm-none-eabi/9.2.1/../../../../arm-none-eabi/lib/thumb/v7e-m/nofp\libg_nano.a(lib_a-findfp.o)
                0x08005060                __sinit_lock_acquire
 .text.__sinit_lock_release
                0x0800506c        0xc c:/program files/embeddedbuilder_v1.1.0.18805/tools/gnu tools arm embedded/xpack-arm-none-eabi-gcc/9.2.1-1.1/bin/../lib/gcc/arm-none-eabi/9.2.1/../../../../arm-none-eabi/lib/thumb/v7e-m/nofp\libg_nano.a(lib_a-findfp.o)
                0x0800506c                __sinit_lock_release
 .text.__sinit  0x08005078       0x70 c:/program files/embeddedbuilder_v1.1.0.18805/tools/gnu tools arm embedded/xpack-arm-none-eabi-gcc/9.2.1-1.1/bin/../lib/gcc/arm-none-eabi/9.2.1/../../../../arm-none-eabi/lib/thumb/v7e-m/nofp\libg_nano.a(lib_a-findfp.o)
                0x08005078                __sinit
 .text.__sfp    0x080050e8       0x8c c:/program files/embeddedbuilder_v1.1.0.18805/tools/gnu tools arm embedded/xpack-arm-none-eabi-gcc/9.2.1-1.1/bin/../lib/gcc/arm-none-eabi/9.2.1/../../../../arm-none-eabi/lib/thumb/v7e-m/nofp\libg_nano.a(lib_a-findfp.o)
                0x080050e8                __sfp
 .text._fwalk_reent
                0x08005174       0x3e c:/program files/embeddedbuilder_v1.1.0.18805/tools/gnu tools arm embedded/xpack-arm-none-eabi-gcc/9.2.1-1.1/bin/../lib/gcc/arm-none-eabi/9.2.1/../../../../arm-none-eabi/lib/thumb/v7e-m/nofp\libg_nano.a(lib_a-fwalk.o)
                0x08005174                _fwalk_reent
 .text.__retarget_lock_init_recursive
                0x080051b2        0x2 c:/program files/embeddedbuilder_v1.1.0.18805/tools/gnu tools arm embedded/xpack-arm-none-eabi-gcc/9.2.1-1.1/bin/../lib/gcc/arm-none-eabi/9.2.1/../../../../arm-none-eabi/lib/thumb/v7e-m/nofp\libg_nano.a(lib_a-lock.o)
                0x080051b2                __retarget_lock_init_recursive
 .text.__retarget_lock_acquire_recursive
                0x080051b4        0x2 c:/program files/embeddedbuilder_v1.1.0.18805/tools/gnu tools arm embedded/xpack-arm-none-eabi-gcc/9.2.1-1.1/bin/../lib/gcc/arm-none-eabi/9.2.1/../../../../arm-none-eabi/lib/thumb/v7e-m/nofp\libg_nano.a(lib_a-lock.o)
                0x080051b4                __retarget_lock_acquire_recursive
 .text.__retarget_lock_release_recursive
                0x080051b6        0x2 c:/program files/embeddedbuilder_v1.1.0.18805/tools/gnu tools arm embedded/xpack-arm-none-eabi-gcc/9.2.1-1.1/bin/../lib/gcc/arm-none-eabi/9.2.1/../../../../arm-none-eabi/lib/thumb/v7e-m/nofp\libg_nano.a(lib_a-lock.o)
                0x080051b6                __retarget_lock_release_recursive
 .text.__swhatbuf_r
                0x080051b8       0x48 c:/program files/embeddedbuilder_v1.1.0.18805/tools/gnu tools arm embedded/xpack-arm-none-eabi-gcc/9.2.1-1.1/bin/../lib/gcc/arm-none-eabi/9.2.1/../../../../arm-none-eabi/lib/thumb/v7e-m/nofp\libg_nano.a(lib_a-makebuf.o)
                0x080051b8                __swhatbuf_r
 .text.__smakebuf_r
                0x08005200       0x80 c:/program files/embeddedbuilder_v1.1.0.18805/tools/gnu tools arm embedded/xpack-arm-none-eabi-gcc/9.2.1-1.1/bin/../lib/gcc/arm-none-eabi/9.2.1/../../../../arm-none-eabi/lib/thumb/v7e-m/nofp\libg_nano.a(lib_a-makebuf.o)
                0x08005200                __smakebuf_r
 .text._free_r  0x08005280       0x9c c:/program files/embeddedbuilder_v1.1.0.18805/tools/gnu tools arm embedded/xpack-arm-none-eabi-gcc/9.2.1-1.1/bin/../lib/gcc/arm-none-eabi/9.2.1/../../../../arm-none-eabi/lib/thumb/v7e-m/nofp\libg_nano.a(lib_a-nano-freer.o)
                0x08005280                _free_r
 .text._malloc_r
                0x0800531c       0xb4 c:/program files/embeddedbuilder_v1.1.0.18805/tools/gnu tools arm embedded/xpack-arm-none-eabi-gcc/9.2.1-1.1/bin/../lib/gcc/arm-none-eabi/9.2.1/../../../../arm-none-eabi/lib/thumb/v7e-m/nofp\libg_nano.a(lib_a-nano-mallocr.o)
                0x0800531c                _malloc_r
 .text.__sfputc_r
                0x080053d0       0x2a c:/program files/embeddedbuilder_v1.1.0.18805/tools/gnu tools arm embedded/xpack-arm-none-eabi-gcc/9.2.1-1.1/bin/../lib/gcc/arm-none-eabi/9.2.1/../../../../arm-none-eabi/lib/thumb/v7e-m/nofp\libg_nano.a(lib_a-nano-vfprintf.o)
 .text.__sfputs_r
                0x080053fa       0x24 c:/program files/embeddedbuilder_v1.1.0.18805/tools/gnu tools arm embedded/xpack-arm-none-eabi-gcc/9.2.1-1.1/bin/../lib/gcc/arm-none-eabi/9.2.1/../../../../arm-none-eabi/lib/thumb/v7e-m/nofp\libg_nano.a(lib_a-nano-vfprintf.o)
                0x080053fa                __sfputs_r
 *fill*         0x0800541e        0x2 
 .text._vfprintf_r
                0x08005420      0x260 c:/program files/embeddedbuilder_v1.1.0.18805/tools/gnu tools arm embedded/xpack-arm-none-eabi-gcc/9.2.1-1.1/bin/../lib/gcc/arm-none-eabi/9.2.1/../../../../arm-none-eabi/lib/thumb/v7e-m/nofp\libg_nano.a(lib_a-nano-vfprintf.o)
                0x08005420                _vfprintf_r
                0x08005420                _vfiprintf_r
 .text._printf_common
                0x08005680       0xda c:/program files/embeddedbuilder_v1.1.0.18805/tools/gnu tools arm embedded/xpack-arm-none-eabi-gcc/9.2.1-1.1/bin/../lib/gcc/arm-none-eabi/9.2.1/../../../../arm-none-eabi/lib/thumb/v7e-m/nofp\libg_nano.a(lib_a-nano-vfprintf_i.o)
                0x08005680                _printf_common
 *fill*         0x0800575a        0x2 
 .text._printf_i
                0x0800575c      0x24c c:/program files/embeddedbuilder_v1.1.0.18805/tools/gnu tools arm embedded/xpack-arm-none-eabi-gcc/9.2.1-1.1/bin/../lib/gcc/arm-none-eabi/9.2.1/../../../../arm-none-eabi/lib/thumb/v7e-m/nofp\libg_nano.a(lib_a-nano-vfprintf_i.o)
                0x0800575c                _printf_i
 .text._sbrk_r  0x080059a8       0x20 c:/program files/embeddedbuilder_v1.1.0.18805/tools/gnu tools arm embedded/xpack-arm-none-eabi-gcc/9.2.1-1.1/bin/../lib/gcc/arm-none-eabi/9.2.1/../../../../arm-none-eabi/lib/thumb/v7e-m/nofp\libg_nano.a(lib_a-sbrkr.o)
                0x080059a8                _sbrk_r
 .text.__sread  0x080059c8       0x22 c:/program files/embeddedbuilder_v1.1.0.18805/tools/gnu tools arm embedded/xpack-arm-none-eabi-gcc/9.2.1-1.1/bin/../lib/gcc/arm-none-eabi/9.2.1/../../../../arm-none-eabi/lib/thumb/v7e-m/nofp\libg_nano.a(lib_a-stdio.o)
                0x080059c8                __sread
 .text.__swrite
                0x080059ea       0x38 c:/program files/embeddedbuilder_v1.1.0.18805/tools/gnu tools arm embedded/xpack-arm-none-eabi-gcc/9.2.1-1.1/bin/../lib/gcc/arm-none-eabi/9.2.1/../../../../arm-none-eabi/lib/thumb/v7e-m/nofp\libg_nano.a(lib_a-stdio.o)
                0x080059ea                __swrite
 .text.__sseek  0x08005a22       0x24 c:/program files/embeddedbuilder_v1.1.0.18805/tools/gnu tools arm embedded/xpack-arm-none-eabi-gcc/9.2.1-1.1/bin/../lib/gcc/arm-none-eabi/9.2.1/../../../../arm-none-eabi/lib/thumb/v7e-m/nofp\libg_nano.a(lib_a-stdio.o)
                0x08005a22                __sseek
 .text.__sclose
                0x08005a46        0x8 c:/program files/embeddedbuilder_v1.1.0.18805/tools/gnu tools arm embedded/xpack-arm-none-eabi-gcc/9.2.1-1.1/bin/../lib/gcc/arm-none-eabi/9.2.1/../../../../arm-none-eabi/lib/thumb/v7e-m/nofp\libg_nano.a(lib_a-stdio.o)
                0x08005a46                __sclose
 *fill*         0x08005a4e        0x2 
 .text._write_r
                0x08005a50       0x24 c:/program files/embeddedbuilder_v1.1.0.18805/tools/gnu tools arm embedded/xpack-arm-none-eabi-gcc/9.2.1-1.1/bin/../lib/gcc/arm-none-eabi/9.2.1/../../../../arm-none-eabi/lib/thumb/v7e-m/nofp\libg_nano.a(lib_a-writer.o)
                0x08005a50                _write_r
 .text._close_r
                0x08005a74       0x20 c:/program files/embeddedbuilder_v1.1.0.18805/tools/gnu tools arm embedded/xpack-arm-none-eabi-gcc/9.2.1-1.1/bin/../lib/gcc/arm-none-eabi/9.2.1/../../../../arm-none-eabi/lib/thumb/v7e-m/nofp\libg_nano.a(lib_a-closer.o)
                0x08005a74                _close_r
 .text._fstat_r
                0x08005a94       0x24 c:/program files/embeddedbuilder_v1.1.0.18805/tools/gnu tools arm embedded/xpack-arm-none-eabi-gcc/9.2.1-1.1/bin/../lib/gcc/arm-none-eabi/9.2.1/../../../../arm-none-eabi/lib/thumb/v7e-m/nofp\libg_nano.a(lib_a-fstatr.o)
                0x08005a94                _fstat_r
 .text._isatty_r
                0x08005ab8       0x20 c:/program files/embeddedbuilder_v1.1.0.18805/tools/gnu tools arm embedded/xpack-arm-none-eabi-gcc/9.2.1-1.1/bin/../lib/gcc/arm-none-eabi/9.2.1/../../../../arm-none-eabi/lib/thumb/v7e-m/nofp\libg_nano.a(lib_a-isattyr.o)
                0x08005ab8                _isatty_r
 .text._lseek_r
                0x08005ad8       0x24 c:/program files/embeddedbuilder_v1.1.0.18805/tools/gnu tools arm embedded/xpack-arm-none-eabi-gcc/9.2.1-1.1/bin/../lib/gcc/arm-none-eabi/9.2.1/../../../../arm-none-eabi/lib/thumb/v7e-m/nofp\libg_nano.a(lib_a-lseekr.o)
                0x08005ad8                _lseek_r
 .text.__malloc_lock
                0x08005afc        0xc c:/program files/embeddedbuilder_v1.1.0.18805/tools/gnu tools arm embedded/xpack-arm-none-eabi-gcc/9.2.1-1.1/bin/../lib/gcc/arm-none-eabi/9.2.1/../../../../arm-none-eabi/lib/thumb/v7e-m/nofp\libg_nano.a(lib_a-mlock.o)
                0x08005afc                __malloc_lock
 .text.__malloc_unlock
                0x08005b08        0xc c:/program files/embeddedbuilder_v1.1.0.18805/tools/gnu tools arm embedded/xpack-arm-none-eabi-gcc/9.2.1-1.1/bin/../lib/gcc/arm-none-eabi/9.2.1/../../../../arm-none-eabi/lib/thumb/v7e-m/nofp\libg_nano.a(lib_a-mlock.o)
                0x08005b08                __malloc_unlock
 .text._read_r  0x08005b14       0x24 c:/program files/embeddedbuilder_v1.1.0.18805/tools/gnu tools arm embedded/xpack-arm-none-eabi-gcc/9.2.1-1.1/bin/../lib/gcc/arm-none-eabi/9.2.1/../../../../arm-none-eabi/lib/thumb/v7e-m/nofp\libg_nano.a(lib_a-readr.o)
                0x08005b14                _read_r
 *(.glue_7)
 .glue_7        0x08005b38        0x0 linker stubs
 *(.glue_7t)
 .glue_7t       0x08005b38        0x0 linker stubs
 *(.eh_frame)
 .eh_frame      0x08005b38        0x0 c:/program files/embeddedbuilder_v1.1.0.18805/tools/gnu tools arm embedded/xpack-arm-none-eabi-gcc/9.2.1-1.1/bin/../lib/gcc/arm-none-eabi/9.2.1/thumb/v7e-m/nofp/crtbegin.o
 *(.init)
 .init          0x08005b38        0x4 c:/program files/embeddedbuilder_v1.1.0.18805/tools/gnu tools arm embedded/xpack-arm-none-eabi-gcc/9.2.1-1.1/bin/../lib/gcc/arm-none-eabi/9.2.1/thumb/v7e-m/nofp/crti.o
                0x08005b38                _init
 .init          0x08005b3c        0x8 c:/program files/embeddedbuilder_v1.1.0.18805/tools/gnu tools arm embedded/xpack-arm-none-eabi-gcc/9.2.1-1.1/bin/../lib/gcc/arm-none-eabi/9.2.1/thumb/v7e-m/nofp/crtn.o
 *(.fini)
 .fini          0x08005b44        0x4 c:/program files/embeddedbuilder_v1.1.0.18805/tools/gnu tools arm embedded/xpack-arm-none-eabi-gcc/9.2.1-1.1/bin/../lib/gcc/arm-none-eabi/9.2.1/thumb/v7e-m/nofp/crti.o
                0x08005b44                _fini
 .fini          0x08005b48        0x8 c:/program files/embeddedbuilder_v1.1.0.18805/tools/gnu tools arm embedded/xpack-arm-none-eabi-gcc/9.2.1-1.1/bin/../lib/gcc/arm-none-eabi/9.2.1/thumb/v7e-m/nofp/crtn.o
                0x08005b50                . = ALIGN (0x4)
                0x08005b50                _etext = .

.vfp11_veneer   0x08005b50        0x0
 .vfp11_veneer  0x08005b50        0x0 linker stubs

.v4_bx          0x08005b50        0x0
 .v4_bx         0x08005b50        0x0 linker stubs

.iplt           0x08005b50        0x0
 .iplt          0x08005b50        0x0 c:/program files/embeddedbuilder_v1.1.0.18805/tools/gnu tools arm embedded/xpack-arm-none-eabi-gcc/9.2.1-1.1/bin/../lib/gcc/arm-none-eabi/9.2.1/thumb/v7e-m/nofp/crtbegin.o

.rodata         0x08005b50      0x170
                0x08005b50                . = ALIGN (0x4)
 *(.rodata)
 .rodata        0x08005b50       0x74 ./src/main.o
 .rodata        0x08005bc4       0x18 ./firmware/gd32f3x0_hal_peripheral/Source/gd32f3x0_hal_rcu.o
 *(.rodata*)
 .rodata.s_rcu_stab_flag
                0x08005bdc        0x6 ./firmware/gd32f3x0_hal_peripheral/Source/gd32f3x0_hal_rcu.o
 *fill*         0x08005be2        0x2 
 .rodata.s_rcu_timeout
                0x08005be4        0xc ./firmware/gd32f3x0_hal_peripheral/Source/gd32f3x0_hal_rcu.o
 .rodata.s_rcu_scss
                0x08005bf0        0xc ./firmware/gd32f3x0_hal_peripheral/Source/gd32f3x0_hal_rcu.o
 .rodata._BASETICK_SOURCE_CLK
                0x08005bfc        0xc ./firmware/gd32f3x0_hal_peripheral/Source/gd32f3x0_hal_sys.o
 .rodata._BASETICK_SOURCE_PERIPH
                0x08005c08       0x18 ./firmware/gd32f3x0_hal_peripheral/Source/gd32f3x0_hal_sys.o
 .rodata._BASETICK_SOURCE_IRQN
                0x08005c20        0x6 ./firmware/gd32f3x0_hal_peripheral/Source/gd32f3x0_hal_sys.o
 *fill*         0x08005c26        0x2 
 .rodata._global_impure_ptr
                0x08005c28        0x4 c:/program files/embeddedbuilder_v1.1.0.18805/tools/gnu tools arm embedded/xpack-arm-none-eabi-gcc/9.2.1-1.1/bin/../lib/gcc/arm-none-eabi/9.2.1/../../../../arm-none-eabi/lib/thumb/v7e-m/nofp\libg_nano.a(lib_a-impure.o)
                0x08005c28                _global_impure_ptr
 .rodata.__sf_fake_stderr
                0x08005c2c       0x20 c:/program files/embeddedbuilder_v1.1.0.18805/tools/gnu tools arm embedded/xpack-arm-none-eabi-gcc/9.2.1-1.1/bin/../lib/gcc/arm-none-eabi/9.2.1/../../../../arm-none-eabi/lib/thumb/v7e-m/nofp\libg_nano.a(lib_a-findfp.o)
                0x08005c2c                __sf_fake_stderr
 .rodata.__sf_fake_stdin
                0x08005c4c       0x20 c:/program files/embeddedbuilder_v1.1.0.18805/tools/gnu tools arm embedded/xpack-arm-none-eabi-gcc/9.2.1-1.1/bin/../lib/gcc/arm-none-eabi/9.2.1/../../../../arm-none-eabi/lib/thumb/v7e-m/nofp\libg_nano.a(lib_a-findfp.o)
                0x08005c4c                __sf_fake_stdin
 .rodata.__sf_fake_stdout
                0x08005c6c       0x20 c:/program files/embeddedbuilder_v1.1.0.18805/tools/gnu tools arm embedded/xpack-arm-none-eabi-gcc/9.2.1-1.1/bin/../lib/gcc/arm-none-eabi/9.2.1/../../../../arm-none-eabi/lib/thumb/v7e-m/nofp\libg_nano.a(lib_a-findfp.o)
                0x08005c6c                __sf_fake_stdout
 .rodata._vfprintf_r.str1.1
                0x08005c8c       0x11 c:/program files/embeddedbuilder_v1.1.0.18805/tools/gnu tools arm embedded/xpack-arm-none-eabi-gcc/9.2.1-1.1/bin/../lib/gcc/arm-none-eabi/9.2.1/../../../../arm-none-eabi/lib/thumb/v7e-m/nofp\libg_nano.a(lib_a-nano-vfprintf.o)
 .rodata._printf_i.str1.1
                0x08005c9d       0x22 c:/program files/embeddedbuilder_v1.1.0.18805/tools/gnu tools arm embedded/xpack-arm-none-eabi-gcc/9.2.1-1.1/bin/../lib/gcc/arm-none-eabi/9.2.1/../../../../arm-none-eabi/lib/thumb/v7e-m/nofp\libg_nano.a(lib_a-nano-vfprintf_i.o)
                0x08005cc0                . = ALIGN (0x4)
 *fill*         0x08005cbf        0x1 

.rel.dyn        0x08005cc0        0x0
 .rel.iplt      0x08005cc0        0x0 c:/program files/embeddedbuilder_v1.1.0.18805/tools/gnu tools arm embedded/xpack-arm-none-eabi-gcc/9.2.1-1.1/bin/../lib/gcc/arm-none-eabi/9.2.1/thumb/v7e-m/nofp/crtbegin.o

.ARM.extab
 *(.ARM.extab* .gnu.linkonce.armextab.*)

.ARM            0x08005cc0        0x0
                0x08005cc0                __exidx_start = .
 *(.ARM.exidx*)
                0x08005cc0                __exidx_end = .

.ARM.attributes
                0x08005cc0       0x2a
 *(.ARM.attributes)
 .ARM.attributes
                0x08005cc0       0x1e c:/program files/embeddedbuilder_v1.1.0.18805/tools/gnu tools arm embedded/xpack-arm-none-eabi-gcc/9.2.1-1.1/bin/../lib/gcc/arm-none-eabi/9.2.1/thumb/v7e-m/nofp/crti.o
 .ARM.attributes
                0x08005cde       0x2e c:/program files/embeddedbuilder_v1.1.0.18805/tools/gnu tools arm embedded/xpack-arm-none-eabi-gcc/9.2.1-1.1/bin/../lib/gcc/arm-none-eabi/9.2.1/thumb/v7e-m/nofp/crtbegin.o
 .ARM.attributes
                0x08005d0c       0x2e ./src/gd32f3x0_hal_init.o
 .ARM.attributes
                0x08005d3a       0x2e ./src/gd32f3x0_hal_it.o
 .ARM.attributes
                0x08005d68       0x2e ./src/main.o
 .ARM.attributes
                0x08005d96       0x2e ./firmware/gd32f3x0_hal_peripheral/Source/gd32f3x0_hal_adc.o
 .ARM.attributes
                0x08005dc4       0x2e ./firmware/gd32f3x0_hal_peripheral/Source/gd32f3x0_hal_dma.o
 .ARM.attributes
                0x08005df2       0x2e ./firmware/gd32f3x0_hal_peripheral/Source/gd32f3x0_hal_gpio.o
 .ARM.attributes
                0x08005e20       0x2e ./firmware/gd32f3x0_hal_peripheral/Source/gd32f3x0_hal_irda.o
 .ARM.attributes
                0x08005e4e       0x2e ./firmware/gd32f3x0_hal_peripheral/Source/gd32f3x0_hal_nvic.o
 .ARM.attributes
                0x08005e7c       0x2e ./firmware/gd32f3x0_hal_peripheral/Source/gd32f3x0_hal_pmu.o
 .ARM.attributes
                0x08005eaa       0x2e ./firmware/gd32f3x0_hal_peripheral/Source/gd32f3x0_hal_rcu.o
 .ARM.attributes
                0x08005ed8       0x2e ./firmware/gd32f3x0_hal_peripheral/Source/gd32f3x0_hal_smartcard.o
 .ARM.attributes
                0x08005f06       0x2e ./firmware/gd32f3x0_hal_peripheral/Source/gd32f3x0_hal_sys.o
 .ARM.attributes
                0x08005f34       0x2e ./firmware/gd32f3x0_hal_peripheral/Source/gd32f3x0_hal_timer.o
 .ARM.attributes
                0x08005f62       0x2e ./firmware/gd32f3x0_hal_peripheral/Source/gd32f3x0_hal_uart.o
 .ARM.attributes
                0x08005f90       0x2e ./firmware/gd32f3x0_hal_peripheral/Source/gd32f3x0_hal_usrt.o
 .ARM.attributes
                0x08005fbe       0x2e ./firmware/cmsis/src/syscalls.o
 .ARM.attributes
                0x08005fec       0x2e ./firmware/cmsis/src/system_gd32f3x0.o
 .ARM.attributes
                0x0800601a       0x21 ./firmware/cmsis/gcc_startup/startup_gd32f3x0.o
 .ARM.attributes
                0x0800603b       0x2e c:/program files/embeddedbuilder_v1.1.0.18805/tools/gnu tools arm embedded/xpack-arm-none-eabi-gcc/9.2.1-1.1/bin/../lib/gcc/arm-none-eabi/9.2.1/../../../../arm-none-eabi/lib/thumb/v7e-m/nofp\libg_nano.a(lib_a-impure.o)
 .ARM.attributes
                0x08006069       0x2e c:/program files/embeddedbuilder_v1.1.0.18805/tools/gnu tools arm embedded/xpack-arm-none-eabi-gcc/9.2.1-1.1/bin/../lib/gcc/arm-none-eabi/9.2.1/../../../../arm-none-eabi/lib/thumb/v7e-m/nofp\libg_nano.a(lib_a-memset.o)
 .ARM.attributes
                0x08006097       0x2e c:/program files/embeddedbuilder_v1.1.0.18805/tools/gnu tools arm embedded/xpack-arm-none-eabi-gcc/9.2.1-1.1/bin/../lib/gcc/arm-none-eabi/9.2.1/../../../../arm-none-eabi/lib/thumb/v7e-m/nofp\libg_nano.a(lib_a-printf.o)
 .ARM.attributes
                0x080060c5       0x2e c:/program files/embeddedbuilder_v1.1.0.18805/tools/gnu tools arm embedded/xpack-arm-none-eabi-gcc/9.2.1-1.1/bin/../lib/gcc/arm-none-eabi/9.2.1/../../../../arm-none-eabi/lib/thumb/v7e-m/nofp\libg_nano.a(lib_a-puts.o)
 .ARM.attributes
                0x080060f3       0x2e c:/program files/embeddedbuilder_v1.1.0.18805/tools/gnu tools arm embedded/xpack-arm-none-eabi-gcc/9.2.1-1.1/bin/../lib/gcc/arm-none-eabi/9.2.1/../../../../arm-none-eabi/lib/thumb/v7e-m/nofp\libg_nano.a(lib_a-reent.o)
 .ARM.attributes
                0x08006121       0x2e c:/program files/embeddedbuilder_v1.1.0.18805/tools/gnu tools arm embedded/xpack-arm-none-eabi-gcc/9.2.1-1.1/bin/../lib/gcc/arm-none-eabi/9.2.1/../../../../arm-none-eabi/lib/thumb/v7e-m/nofp\libg_nano.a(lib_a-wbuf.o)
 .ARM.attributes
                0x0800614f       0x2e c:/program files/embeddedbuilder_v1.1.0.18805/tools/gnu tools arm embedded/xpack-arm-none-eabi-gcc/9.2.1-1.1/bin/../lib/gcc/arm-none-eabi/9.2.1/../../../../arm-none-eabi/lib/thumb/v7e-m/nofp\libg_nano.a(lib_a-wsetup.o)
 .ARM.attributes
                0x0800617d       0x2e c:/program files/embeddedbuilder_v1.1.0.18805/tools/gnu tools arm embedded/xpack-arm-none-eabi-gcc/9.2.1-1.1/bin/../lib/gcc/arm-none-eabi/9.2.1/../../../../arm-none-eabi/lib/thumb/v7e-m/nofp\libg_nano.a(lib_a-fflush.o)
 .ARM.attributes
                0x080061ab       0x2e c:/program files/embeddedbuilder_v1.1.0.18805/tools/gnu tools arm embedded/xpack-arm-none-eabi-gcc/9.2.1-1.1/bin/../lib/gcc/arm-none-eabi/9.2.1/../../../../arm-none-eabi/lib/thumb/v7e-m/nofp\libg_nano.a(lib_a-findfp.o)
 .ARM.attributes
                0x080061d9       0x2e c:/program files/embeddedbuilder_v1.1.0.18805/tools/gnu tools arm embedded/xpack-arm-none-eabi-gcc/9.2.1-1.1/bin/../lib/gcc/arm-none-eabi/9.2.1/../../../../arm-none-eabi/lib/thumb/v7e-m/nofp\libg_nano.a(lib_a-fwalk.o)
 .ARM.attributes
                0x08006207       0x2e c:/program files/embeddedbuilder_v1.1.0.18805/tools/gnu tools arm embedded/xpack-arm-none-eabi-gcc/9.2.1-1.1/bin/../lib/gcc/arm-none-eabi/9.2.1/../../../../arm-none-eabi/lib/thumb/v7e-m/nofp\libg_nano.a(lib_a-lock.o)
 .ARM.attributes
                0x08006235       0x2e c:/program files/embeddedbuilder_v1.1.0.18805/tools/gnu tools arm embedded/xpack-arm-none-eabi-gcc/9.2.1-1.1/bin/../lib/gcc/arm-none-eabi/9.2.1/../../../../arm-none-eabi/lib/thumb/v7e-m/nofp\libg_nano.a(lib_a-makebuf.o)
 .ARM.attributes
                0x08006263       0x2e c:/program files/embeddedbuilder_v1.1.0.18805/tools/gnu tools arm embedded/xpack-arm-none-eabi-gcc/9.2.1-1.1/bin/../lib/gcc/arm-none-eabi/9.2.1/../../../../arm-none-eabi/lib/thumb/v7e-m/nofp\libg_nano.a(lib_a-nano-freer.o)
 .ARM.attributes
                0x08006291       0x2e c:/program files/embeddedbuilder_v1.1.0.18805/tools/gnu tools arm embedded/xpack-arm-none-eabi-gcc/9.2.1-1.1/bin/../lib/gcc/arm-none-eabi/9.2.1/../../../../arm-none-eabi/lib/thumb/v7e-m/nofp\libg_nano.a(lib_a-nano-mallocr.o)
 .ARM.attributes
                0x080062bf       0x2e c:/program files/embeddedbuilder_v1.1.0.18805/tools/gnu tools arm embedded/xpack-arm-none-eabi-gcc/9.2.1-1.1/bin/../lib/gcc/arm-none-eabi/9.2.1/../../../../arm-none-eabi/lib/thumb/v7e-m/nofp\libg_nano.a(lib_a-nano-vfprintf.o)
 .ARM.attributes
                0x080062ed       0x2e c:/program files/embeddedbuilder_v1.1.0.18805/tools/gnu tools arm embedded/xpack-arm-none-eabi-gcc/9.2.1-1.1/bin/../lib/gcc/arm-none-eabi/9.2.1/../../../../arm-none-eabi/lib/thumb/v7e-m/nofp\libg_nano.a(lib_a-nano-vfprintf_i.o)
 .ARM.attributes
                0x0800631b       0x2e c:/program files/embeddedbuilder_v1.1.0.18805/tools/gnu tools arm embedded/xpack-arm-none-eabi-gcc/9.2.1-1.1/bin/../lib/gcc/arm-none-eabi/9.2.1/../../../../arm-none-eabi/lib/thumb/v7e-m/nofp\libg_nano.a(lib_a-sbrkr.o)
 .ARM.attributes
                0x08006349       0x2e c:/program files/embeddedbuilder_v1.1.0.18805/tools/gnu tools arm embedded/xpack-arm-none-eabi-gcc/9.2.1-1.1/bin/../lib/gcc/arm-none-eabi/9.2.1/../../../../arm-none-eabi/lib/thumb/v7e-m/nofp\libg_nano.a(lib_a-stdio.o)
 .ARM.attributes
                0x08006377       0x2e c:/program files/embeddedbuilder_v1.1.0.18805/tools/gnu tools arm embedded/xpack-arm-none-eabi-gcc/9.2.1-1.1/bin/../lib/gcc/arm-none-eabi/9.2.1/../../../../arm-none-eabi/lib/thumb/v7e-m/nofp\libg_nano.a(lib_a-writer.o)
 .ARM.attributes
                0x080063a5       0x2e c:/program files/embeddedbuilder_v1.1.0.18805/tools/gnu tools arm embedded/xpack-arm-none-eabi-gcc/9.2.1-1.1/bin/../lib/gcc/arm-none-eabi/9.2.1/../../../../arm-none-eabi/lib/thumb/v7e-m/nofp\libg_nano.a(lib_a-closer.o)
 .ARM.attributes
                0x080063d3       0x2e c:/program files/embeddedbuilder_v1.1.0.18805/tools/gnu tools arm embedded/xpack-arm-none-eabi-gcc/9.2.1-1.1/bin/../lib/gcc/arm-none-eabi/9.2.1/../../../../arm-none-eabi/lib/thumb/v7e-m/nofp\libg_nano.a(lib_a-fstatr.o)
 .ARM.attributes
                0x08006401       0x2e c:/program files/embeddedbuilder_v1.1.0.18805/tools/gnu tools arm embedded/xpack-arm-none-eabi-gcc/9.2.1-1.1/bin/../lib/gcc/arm-none-eabi/9.2.1/../../../../arm-none-eabi/lib/thumb/v7e-m/nofp\libg_nano.a(lib_a-isattyr.o)
 .ARM.attributes
                0x0800642f       0x2e c:/program files/embeddedbuilder_v1.1.0.18805/tools/gnu tools arm embedded/xpack-arm-none-eabi-gcc/9.2.1-1.1/bin/../lib/gcc/arm-none-eabi/9.2.1/../../../../arm-none-eabi/lib/thumb/v7e-m/nofp\libg_nano.a(lib_a-lseekr.o)
 .ARM.attributes
                0x0800645d       0x1c c:/program files/embeddedbuilder_v1.1.0.18805/tools/gnu tools arm embedded/xpack-arm-none-eabi-gcc/9.2.1-1.1/bin/../lib/gcc/arm-none-eabi/9.2.1/../../../../arm-none-eabi/lib/thumb/v7e-m/nofp\libg_nano.a(lib_a-memchr.o)
 .ARM.attributes
                0x08006479       0x2e c:/program files/embeddedbuilder_v1.1.0.18805/tools/gnu tools arm embedded/xpack-arm-none-eabi-gcc/9.2.1-1.1/bin/../lib/gcc/arm-none-eabi/9.2.1/../../../../arm-none-eabi/lib/thumb/v7e-m/nofp\libg_nano.a(lib_a-mlock.o)
 .ARM.attributes
                0x080064a7       0x2e c:/program files/embeddedbuilder_v1.1.0.18805/tools/gnu tools arm embedded/xpack-arm-none-eabi-gcc/9.2.1-1.1/bin/../lib/gcc/arm-none-eabi/9.2.1/../../../../arm-none-eabi/lib/thumb/v7e-m/nofp\libg_nano.a(lib_a-readr.o)
 .ARM.attributes
                0x080064d5       0x1e c:/program files/embeddedbuilder_v1.1.0.18805/tools/gnu tools arm embedded/xpack-arm-none-eabi-gcc/9.2.1-1.1/bin/../lib/gcc/arm-none-eabi/9.2.1/thumb/v7e-m/nofp/crtn.o

.preinit_array  0x08005cc0        0x0
                0x08005cc0                PROVIDE (__preinit_array_start = .)
 *(.preinit_array*)
                0x08005cc0                PROVIDE (__preinit_array_end = .)

.init_array     0x08005cc0        0x4
                0x08005cc0                PROVIDE (__init_array_start = .)
 *(SORT_BY_NAME(.init_array.*))
 *(.init_array*)
 .init_array    0x08005cc0        0x4 c:/program files/embeddedbuilder_v1.1.0.18805/tools/gnu tools arm embedded/xpack-arm-none-eabi-gcc/9.2.1-1.1/bin/../lib/gcc/arm-none-eabi/9.2.1/thumb/v7e-m/nofp/crtbegin.o
                0x08005cc4                PROVIDE (__init_array_end = .)

.fini_array     0x08005cc4        0x4
                [!provide]                PROVIDE (__fini_array_start = .)
 *(.fini_array*)
 .fini_array    0x08005cc4        0x4 c:/program files/embeddedbuilder_v1.1.0.18805/tools/gnu tools arm embedded/xpack-arm-none-eabi-gcc/9.2.1-1.1/bin/../lib/gcc/arm-none-eabi/9.2.1/thumb/v7e-m/nofp/crtbegin.o
 *(SORT_BY_NAME(.fini_array.*))
                [!provide]                PROVIDE (__fini_array_end = .)
                0x08005cc8                _sidata = LOADADDR (.data)

.data           0x20000000       0x6c load address 0x08005cc8
                0x20000000                . = ALIGN (0x4)
                0x20000000                _sdata = .
 *(.data)
 *(.data*)
 .data.g_systemcoreclock
                0x20000000        0x4 ./firmware/gd32f3x0_hal_peripheral/Source/gd32f3x0_hal_rcu.o
                0x20000000                g_systemcoreclock
 .data.curbrk.6120
                0x20000004        0x4 ./firmware/cmsis/src/syscalls.o
 .data._impure_ptr
                0x20000008        0x4 c:/program files/embeddedbuilder_v1.1.0.18805/tools/gnu tools arm embedded/xpack-arm-none-eabi-gcc/9.2.1-1.1/bin/../lib/gcc/arm-none-eabi/9.2.1/../../../../arm-none-eabi/lib/thumb/v7e-m/nofp\libg_nano.a(lib_a-impure.o)
                0x20000008                _impure_ptr
 .data.impure_data
                0x2000000c       0x60 c:/program files/embeddedbuilder_v1.1.0.18805/tools/gnu tools arm embedded/xpack-arm-none-eabi-gcc/9.2.1-1.1/bin/../lib/gcc/arm-none-eabi/9.2.1/../../../../arm-none-eabi/lib/thumb/v7e-m/nofp\libg_nano.a(lib_a-impure.o)
                0x2000006c                . = ALIGN (0x4)
                0x2000006c                _edata = .

.igot.plt       0x2000006c        0x0 load address 0x08005d34
 .igot.plt      0x2000006c        0x0 c:/program files/embeddedbuilder_v1.1.0.18805/tools/gnu tools arm embedded/xpack-arm-none-eabi-gcc/9.2.1-1.1/bin/../lib/gcc/arm-none-eabi/9.2.1/thumb/v7e-m/nofp/crtbegin.o
                0x2000006c                . = ALIGN (0x4)

.bss            0x2000006c       0xe4 load address 0x08005d34
                0x2000006c                _sbss = .
                0x2000006c                __bss_start__ = _sbss
 *(.bss)
 *(.bss*)
 .bss.completed.8911
                0x2000006c        0x1 c:/program files/embeddedbuilder_v1.1.0.18805/tools/gnu tools arm embedded/xpack-arm-none-eabi-gcc/9.2.1-1.1/bin/../lib/gcc/arm-none-eabi/9.2.1/thumb/v7e-m/nofp/crtbegin.o
 *fill*         0x2000006d        0x3 
 .bss.object.8916
                0x20000070       0x18 c:/program files/embeddedbuilder_v1.1.0.18805/tools/gnu tools arm embedded/xpack-arm-none-eabi-gcc/9.2.1-1.1/bin/../lib/gcc/arm-none-eabi/9.2.1/thumb/v7e-m/nofp/crtbegin.o
 .bss.g_basetick_source
                0x20000088        0x1 ./firmware/gd32f3x0_hal_peripheral/Source/gd32f3x0_hal_sys.o
                0x20000088                g_basetick_source
 .bss.g_debug_selection
                0x20000089        0x1 ./firmware/gd32f3x0_hal_peripheral/Source/gd32f3x0_hal_sys.o
                0x20000089                g_debug_selection
 *fill*         0x2000008a        0x2 
 .bss._basetick_irq_handle
                0x2000008c        0x4 ./firmware/gd32f3x0_hal_peripheral/Source/gd32f3x0_hal_sys.o
 .bss.g_basetick_count
                0x20000090        0x4 ./firmware/gd32f3x0_hal_peripheral/Source/gd32f3x0_hal_sys.o
 .bss.__malloc_free_list
                0x20000094        0x4 c:/program files/embeddedbuilder_v1.1.0.18805/tools/gnu tools arm embedded/xpack-arm-none-eabi-gcc/9.2.1-1.1/bin/../lib/gcc/arm-none-eabi/9.2.1/../../../../arm-none-eabi/lib/thumb/v7e-m/nofp\libg_nano.a(lib_a-nano-mallocr.o)
                0x20000094                __malloc_free_list
 .bss.__malloc_sbrk_start
                0x20000098        0x4 c:/program files/embeddedbuilder_v1.1.0.18805/tools/gnu tools arm embedded/xpack-arm-none-eabi-gcc/9.2.1-1.1/bin/../lib/gcc/arm-none-eabi/9.2.1/../../../../arm-none-eabi/lib/thumb/v7e-m/nofp\libg_nano.a(lib_a-nano-mallocr.o)
                0x20000098                __malloc_sbrk_start
 *(COMMON)
 COMMON         0x2000009c       0xa0 ./src/gd32f3x0_hal_init.o
                0x2000009c                adc_info
                0x200000bc                dma_adc_info
                0x200000d8                uart0_info
 COMMON         0x2000013c        0x2 ./src/main.o
                0x2000013c                adc_value
 *fill*         0x2000013e        0x2 
 COMMON         0x20000140        0x4 c:/program files/embeddedbuilder_v1.1.0.18805/tools/gnu tools arm embedded/xpack-arm-none-eabi-gcc/9.2.1-1.1/bin/../lib/gcc/arm-none-eabi/9.2.1/../../../../arm-none-eabi/lib/thumb/v7e-m/nofp\libg_nano.a(lib_a-reent.o)
                0x20000140                errno
 COMMON         0x20000144        0x9 c:/program files/embeddedbuilder_v1.1.0.18805/tools/gnu tools arm embedded/xpack-arm-none-eabi-gcc/9.2.1-1.1/bin/../lib/gcc/arm-none-eabi/9.2.1/../../../../arm-none-eabi/lib/thumb/v7e-m/nofp\libg_nano.a(lib_a-lock.o)
                0x20000144                __lock___atexit_recursive_mutex
                0x20000145                __lock___arc4random_mutex
                0x20000146                __lock___env_recursive_mutex
                0x20000147                __lock___sinit_recursive_mutex
                0x20000148                __lock___malloc_recursive_mutex
                0x20000149                __lock___at_quick_exit_mutex
                0x2000014a                __lock___dd_hash_mutex
                0x2000014b                __lock___tz_mutex
                0x2000014c                __lock___sfp_recursive_mutex
                0x20000150                . = ALIGN (0x4)
 *fill*         0x2000014d        0x3 
                0x20000150                _ebss = .
                0x20000150                __bss_end__ = _ebss
                0x20000150                . = ALIGN (0x8)
                [!provide]                PROVIDE (end = _ebss)
                0x20000150                PROVIDE (_end = _ebss)

.stack          0x20001c00      0x400 load address 0x20000150
                0x20001c00                PROVIDE (_heap_end = .)
                0x00000400                . = __stack_size
 *fill*         0x20001c00      0x400 
                0x20002000                PROVIDE (_sp = .)
START GROUP
LOAD c:/program files/embeddedbuilder_v1.1.0.18805/tools/gnu tools arm embedded/xpack-arm-none-eabi-gcc/9.2.1-1.1/bin/../lib/gcc/arm-none-eabi/9.2.1/thumb/v7e-m/nofp\libgcc.a
LOAD c:/program files/embeddedbuilder_v1.1.0.18805/tools/gnu tools arm embedded/xpack-arm-none-eabi-gcc/9.2.1-1.1/bin/../lib/gcc/arm-none-eabi/9.2.1/../../../../arm-none-eabi/lib/thumb/v7e-m/nofp\libc.a
LOAD c:/program files/embeddedbuilder_v1.1.0.18805/tools/gnu tools arm embedded/xpack-arm-none-eabi-gcc/9.2.1-1.1/bin/../lib/gcc/arm-none-eabi/9.2.1/../../../../arm-none-eabi/lib/thumb/v7e-m/nofp\libm.a
LOAD c:/program files/embeddedbuilder_v1.1.0.18805/tools/gnu tools arm embedded/xpack-arm-none-eabi-gcc/9.2.1-1.1/bin/../lib/gcc/arm-none-eabi/9.2.1/../../../../arm-none-eabi/lib/thumb/v7e-m/nofp\libnosys.a
END GROUP
OUTPUT(SimpleADC_DMA.elf elf32-littlearm)

.debug_info     0x00000000    0x1c774
 .debug_info    0x00000000     0x22c1 ./src/gd32f3x0_hal_init.o
 .debug_info    0x000022c1      0xf7a ./src/gd32f3x0_hal_it.o
 .debug_info    0x0000323b     0x1141 ./src/main.o
 .debug_info    0x0000437c     0x20d0 ./firmware/gd32f3x0_hal_peripheral/Source/gd32f3x0_hal_adc.o
 .debug_info    0x0000644c     0x1481 ./firmware/gd32f3x0_hal_peripheral/Source/gd32f3x0_hal_dma.o
 .debug_info    0x000078cd      0xec7 ./firmware/gd32f3x0_hal_peripheral/Source/gd32f3x0_hal_gpio.o
 .debug_info    0x00008794     0x1d3d ./firmware/gd32f3x0_hal_peripheral/Source/gd32f3x0_hal_irda.o
 .debug_info    0x0000a4d1     0x1065 ./firmware/gd32f3x0_hal_peripheral/Source/gd32f3x0_hal_nvic.o
 .debug_info    0x0000b536     0x1458 ./firmware/gd32f3x0_hal_peripheral/Source/gd32f3x0_hal_pmu.o
 .debug_info    0x0000c98e     0x2738 ./firmware/gd32f3x0_hal_peripheral/Source/gd32f3x0_hal_rcu.o
 .debug_info    0x0000f0c6     0x21bb ./firmware/gd32f3x0_hal_peripheral/Source/gd32f3x0_hal_smartcard.o
 .debug_info    0x00011281     0x1af2 ./firmware/gd32f3x0_hal_peripheral/Source/gd32f3x0_hal_sys.o
 .debug_info    0x00012d73     0x39a8 ./firmware/gd32f3x0_hal_peripheral/Source/gd32f3x0_hal_timer.o
 .debug_info    0x0001671b     0x247e ./firmware/gd32f3x0_hal_peripheral/Source/gd32f3x0_hal_uart.o
 .debug_info    0x00018b99     0x211b ./firmware/gd32f3x0_hal_peripheral/Source/gd32f3x0_hal_usrt.o
 .debug_info    0x0001acb4     0x10ce ./firmware/cmsis/src/syscalls.o
 .debug_info    0x0001bd82      0x9d0 ./firmware/cmsis/src/system_gd32f3x0.o
 .debug_info    0x0001c752       0x22 ./firmware/cmsis/gcc_startup/startup_gd32f3x0.o

.debug_abbrev   0x00000000     0x3424
 .debug_abbrev  0x00000000      0x29f ./src/gd32f3x0_hal_init.o
 .debug_abbrev  0x0000029f      0x218 ./src/gd32f3x0_hal_it.o
 .debug_abbrev  0x000004b7      0x25e ./src/main.o
 .debug_abbrev  0x00000715      0x39f ./firmware/gd32f3x0_hal_peripheral/Source/gd32f3x0_hal_adc.o
 .debug_abbrev  0x00000ab4      0x2de ./firmware/gd32f3x0_hal_peripheral/Source/gd32f3x0_hal_dma.o
 .debug_abbrev  0x00000d92      0x336 ./firmware/gd32f3x0_hal_peripheral/Source/gd32f3x0_hal_gpio.o
 .debug_abbrev  0x000010c8      0x35c ./firmware/gd32f3x0_hal_peripheral/Source/gd32f3x0_hal_irda.o
 .debug_abbrev  0x00001424      0x30a ./firmware/gd32f3x0_hal_peripheral/Source/gd32f3x0_hal_nvic.o
 .debug_abbrev  0x0000172e      0x366 ./firmware/gd32f3x0_hal_peripheral/Source/gd32f3x0_hal_pmu.o
 .debug_abbrev  0x00001a94      0x38e ./firmware/gd32f3x0_hal_peripheral/Source/gd32f3x0_hal_rcu.o
 .debug_abbrev  0x00001e22      0x365 ./firmware/gd32f3x0_hal_peripheral/Source/gd32f3x0_hal_smartcard.o
 .debug_abbrev  0x00002187      0x3f9 ./firmware/gd32f3x0_hal_peripheral/Source/gd32f3x0_hal_sys.o
 .debug_abbrev  0x00002580      0x337 ./firmware/gd32f3x0_hal_peripheral/Source/gd32f3x0_hal_timer.o
 .debug_abbrev  0x000028b7      0x35c ./firmware/gd32f3x0_hal_peripheral/Source/gd32f3x0_hal_uart.o
 .debug_abbrev  0x00002c13      0x365 ./firmware/gd32f3x0_hal_peripheral/Source/gd32f3x0_hal_usrt.o
 .debug_abbrev  0x00002f78      0x29c ./firmware/cmsis/src/syscalls.o
 .debug_abbrev  0x00003214      0x1fe ./firmware/cmsis/src/system_gd32f3x0.o
 .debug_abbrev  0x00003412       0x12 ./firmware/cmsis/gcc_startup/startup_gd32f3x0.o

.debug_aranges  0x00000000     0x1638
 .debug_aranges
                0x00000000       0x68 ./src/gd32f3x0_hal_init.o
 .debug_aranges
                0x00000068       0x40 ./src/gd32f3x0_hal_it.o
 .debug_aranges
                0x000000a8       0x30 ./src/main.o
 .debug_aranges
                0x000000d8      0x240 ./firmware/gd32f3x0_hal_peripheral/Source/gd32f3x0_hal_adc.o
 .debug_aranges
                0x00000318      0x140 ./firmware/gd32f3x0_hal_peripheral/Source/gd32f3x0_hal_dma.o
 .debug_aranges
                0x00000458       0x88 ./firmware/gd32f3x0_hal_peripheral/Source/gd32f3x0_hal_gpio.o
 .debug_aranges
                0x000004e0      0x1a0 ./firmware/gd32f3x0_hal_peripheral/Source/gd32f3x0_hal_irda.o
 .debug_aranges
                0x00000680       0x70 ./firmware/gd32f3x0_hal_peripheral/Source/gd32f3x0_hal_nvic.o
 .debug_aranges
                0x000006f0       0xf8 ./firmware/gd32f3x0_hal_peripheral/Source/gd32f3x0_hal_pmu.o
 .debug_aranges
                0x000007e8      0x1a8 ./firmware/gd32f3x0_hal_peripheral/Source/gd32f3x0_hal_rcu.o
 .debug_aranges
                0x00000990      0x230 ./firmware/gd32f3x0_hal_peripheral/Source/gd32f3x0_hal_smartcard.o
 .debug_aranges
                0x00000bc0       0xb8 ./firmware/gd32f3x0_hal_peripheral/Source/gd32f3x0_hal_sys.o
 .debug_aranges
                0x00000c78      0x438 ./firmware/gd32f3x0_hal_peripheral/Source/gd32f3x0_hal_timer.o
 .debug_aranges
                0x000010b0      0x288 ./firmware/gd32f3x0_hal_peripheral/Source/gd32f3x0_hal_uart.o
 .debug_aranges
                0x00001338      0x200 ./firmware/gd32f3x0_hal_peripheral/Source/gd32f3x0_hal_usrt.o
 .debug_aranges
                0x00001538       0xb8 ./firmware/cmsis/src/syscalls.o
 .debug_aranges
                0x000015f0       0x20 ./firmware/cmsis/src/system_gd32f3x0.o
 .debug_aranges
                0x00001610       0x28 ./firmware/cmsis/gcc_startup/startup_gd32f3x0.o

.debug_ranges   0x00000000     0x1520
 .debug_ranges  0x00000000       0x58 ./src/gd32f3x0_hal_init.o
 .debug_ranges  0x00000058       0x30 ./src/gd32f3x0_hal_it.o
 .debug_ranges  0x00000088       0x20 ./src/main.o
 .debug_ranges  0x000000a8      0x230 ./firmware/gd32f3x0_hal_peripheral/Source/gd32f3x0_hal_adc.o
 .debug_ranges  0x000002d8      0x130 ./firmware/gd32f3x0_hal_peripheral/Source/gd32f3x0_hal_dma.o
 .debug_ranges  0x00000408       0x78 ./firmware/gd32f3x0_hal_peripheral/Source/gd32f3x0_hal_gpio.o
 .debug_ranges  0x00000480      0x190 ./firmware/gd32f3x0_hal_peripheral/Source/gd32f3x0_hal_irda.o
 .debug_ranges  0x00000610       0x60 ./firmware/gd32f3x0_hal_peripheral/Source/gd32f3x0_hal_nvic.o
 .debug_ranges  0x00000670       0xe8 ./firmware/gd32f3x0_hal_peripheral/Source/gd32f3x0_hal_pmu.o
 .debug_ranges  0x00000758      0x198 ./firmware/gd32f3x0_hal_peripheral/Source/gd32f3x0_hal_rcu.o
 .debug_ranges  0x000008f0      0x220 ./firmware/gd32f3x0_hal_peripheral/Source/gd32f3x0_hal_smartcard.o
 .debug_ranges  0x00000b10       0xa8 ./firmware/gd32f3x0_hal_peripheral/Source/gd32f3x0_hal_sys.o
 .debug_ranges  0x00000bb8      0x428 ./firmware/gd32f3x0_hal_peripheral/Source/gd32f3x0_hal_timer.o
 .debug_ranges  0x00000fe0      0x278 ./firmware/gd32f3x0_hal_peripheral/Source/gd32f3x0_hal_uart.o
 .debug_ranges  0x00001258      0x1f0 ./firmware/gd32f3x0_hal_peripheral/Source/gd32f3x0_hal_usrt.o
 .debug_ranges  0x00001448       0xa8 ./firmware/cmsis/src/syscalls.o
 .debug_ranges  0x000014f0       0x10 ./firmware/cmsis/src/system_gd32f3x0.o
 .debug_ranges  0x00001500       0x20 ./firmware/cmsis/gcc_startup/startup_gd32f3x0.o

.debug_macro    0x00000000     0xc17d
 .debug_macro   0x00000000      0x3a3 ./src/gd32f3x0_hal_init.o
 .debug_macro   0x000003a3      0xa90 ./src/gd32f3x0_hal_init.o
 .debug_macro   0x00000e33       0x58 ./src/gd32f3x0_hal_init.o
 .debug_macro   0x00000e8b       0x22 ./src/gd32f3x0_hal_init.o
 .debug_macro   0x00000ead       0x5e ./src/gd32f3x0_hal_init.o
 .debug_macro   0x00000f0b       0x18 ./src/gd32f3x0_hal_init.o
 .debug_macro   0x00000f23       0x94 ./src/gd32f3x0_hal_init.o
 .debug_macro   0x00000fb7       0x35 ./src/gd32f3x0_hal_init.o
 .debug_macro   0x00000fec       0x34 ./src/gd32f3x0_hal_init.o
 .debug_macro   0x00001020       0x16 ./src/gd32f3x0_hal_init.o
 .debug_macro   0x00001036       0x57 ./src/gd32f3x0_hal_init.o
 .debug_macro   0x0000108d       0x97 ./src/gd32f3x0_hal_init.o
 .debug_macro   0x00001124      0x339 ./src/gd32f3x0_hal_init.o
 .debug_macro   0x0000145d       0xfd ./src/gd32f3x0_hal_init.o
 .debug_macro   0x0000155a       0x58 ./src/gd32f3x0_hal_init.o
 .debug_macro   0x000015b2       0x1f ./src/gd32f3x0_hal_init.o
 .debug_macro   0x000015d1       0x43 ./src/gd32f3x0_hal_init.o
 .debug_macro   0x00001614       0x20 ./src/gd32f3x0_hal_init.o
 .debug_macro   0x00001634      0x18e ./src/gd32f3x0_hal_init.o
 .debug_macro   0x000017c2       0x10 ./src/gd32f3x0_hal_init.o
 .debug_macro   0x000017d2       0x6a ./src/gd32f3x0_hal_init.o
 .debug_macro   0x0000183c       0x1c ./src/gd32f3x0_hal_init.o
 .debug_macro   0x00001858       0x52 ./src/gd32f3x0_hal_init.o
 .debug_macro   0x000018aa       0x40 ./src/gd32f3x0_hal_init.o
 .debug_macro   0x000018ea       0x10 ./src/gd32f3x0_hal_init.o
 .debug_macro   0x000018fa       0x40 ./src/gd32f3x0_hal_init.o
 .debug_macro   0x0000193a       0xd7 ./src/gd32f3x0_hal_init.o
 .debug_macro   0x00001a11       0x1c ./src/gd32f3x0_hal_init.o
 .debug_macro   0x00001a2d       0x3d ./src/gd32f3x0_hal_init.o
 .debug_macro   0x00001a6a       0x16 ./src/gd32f3x0_hal_init.o
 .debug_macro   0x00001a80      0x16f ./src/gd32f3x0_hal_init.o
 .debug_macro   0x00001bef       0x52 ./src/gd32f3x0_hal_init.o
 .debug_macro   0x00001c41       0x7c ./src/gd32f3x0_hal_init.o
 .debug_macro   0x00001cbd       0x3b ./src/gd32f3x0_hal_init.o
 .debug_macro   0x00001cf8       0xef ./src/gd32f3x0_hal_init.o
 .debug_macro   0x00001de7      0x1df ./src/gd32f3x0_hal_init.o
 .debug_macro   0x00001fc6       0x18 ./src/gd32f3x0_hal_init.o
 .debug_macro   0x00001fde       0x26 ./src/gd32f3x0_hal_init.o
 .debug_macro   0x00002004      0xc13 ./src/gd32f3x0_hal_init.o
 .debug_macro   0x00002c17      0x11c ./src/gd32f3x0_hal_init.o
 .debug_macro   0x00002d33       0x34 ./src/gd32f3x0_hal_init.o
 .debug_macro   0x00002d67      0x24e ./src/gd32f3x0_hal_init.o
 .debug_macro   0x00002fb5       0x16 ./src/gd32f3x0_hal_init.o
 .debug_macro   0x00002fcb       0x35 ./src/gd32f3x0_hal_init.o
 .debug_macro   0x00003000       0x16 ./src/gd32f3x0_hal_init.o
 .debug_macro   0x00003016       0x16 ./src/gd32f3x0_hal_init.o
 .debug_macro   0x0000302c       0x29 ./src/gd32f3x0_hal_init.o
 .debug_macro   0x00003055      0x24a ./src/gd32f3x0_hal_init.o
 .debug_macro   0x0000329f      0x1ac ./src/gd32f3x0_hal_init.o
 .debug_macro   0x0000344b      0x6cb ./src/gd32f3x0_hal_init.o
 .debug_macro   0x00003b16      0x9d8 ./src/gd32f3x0_hal_init.o
 .debug_macro   0x000044ee      0x3eb ./src/gd32f3x0_hal_init.o
 .debug_macro   0x000048d9       0xb8 ./src/gd32f3x0_hal_init.o
 .debug_macro   0x00004991      0x1c3 ./src/gd32f3x0_hal_init.o
 .debug_macro   0x00004b54       0x70 ./src/gd32f3x0_hal_init.o
 .debug_macro   0x00004bc4      0x169 ./src/gd32f3x0_hal_init.o
 .debug_macro   0x00004d2d       0xe6 ./src/gd32f3x0_hal_init.o
 .debug_macro   0x00004e13      0x59e ./src/gd32f3x0_hal_init.o
 .debug_macro   0x000053b1      0x1d1 ./src/gd32f3x0_hal_init.o
 .debug_macro   0x00005582       0xd8 ./src/gd32f3x0_hal_init.o
 .debug_macro   0x0000565a       0x64 ./src/gd32f3x0_hal_init.o
 .debug_macro   0x000056be      0x17b ./src/gd32f3x0_hal_init.o
 .debug_macro   0x00005839      0x1bb ./src/gd32f3x0_hal_init.o
 .debug_macro   0x000059f4      0x121 ./src/gd32f3x0_hal_init.o
 .debug_macro   0x00005b15      0x555 ./src/gd32f3x0_hal_init.o
 .debug_macro   0x0000606a       0xf3 ./src/gd32f3x0_hal_init.o
 .debug_macro   0x0000615d       0xa7 ./src/gd32f3x0_hal_init.o
 .debug_macro   0x00006204       0x77 ./src/gd32f3x0_hal_init.o
 .debug_macro   0x0000627b       0xb2 ./src/gd32f3x0_hal_init.o
 .debug_macro   0x0000632d      0x7fd ./src/gd32f3x0_hal_init.o
 .debug_macro   0x00006b2a      0x18a ./src/gd32f3x0_hal_init.o
 .debug_macro   0x00006cb4      0x1cc ./src/gd32f3x0_hal_init.o
 .debug_macro   0x00006e80      0x136 ./src/gd32f3x0_hal_init.o
 .debug_macro   0x00006fb6      0x987 ./src/gd32f3x0_hal_init.o
 .debug_macro   0x0000793d       0x20 ./src/gd32f3x0_hal_init.o
 .debug_macro   0x0000795d      0x3ad ./src/gd32f3x0_hal_it.o
 .debug_macro   0x00007d0a      0x3a3 ./src/main.o
 .debug_macro   0x000080ad      0x3ab ./firmware/gd32f3x0_hal_peripheral/Source/gd32f3x0_hal_adc.o
 .debug_macro   0x00008458      0x39f ./firmware/gd32f3x0_hal_peripheral/Source/gd32f3x0_hal_dma.o
 .debug_macro   0x000087f7      0x3b7 ./firmware/gd32f3x0_hal_peripheral/Source/gd32f3x0_hal_gpio.o
 .debug_macro   0x00008bae      0x399 ./firmware/gd32f3x0_hal_peripheral/Source/gd32f3x0_hal_irda.o
 .debug_macro   0x00008f47      0x399 ./firmware/gd32f3x0_hal_peripheral/Source/gd32f3x0_hal_nvic.o
 .debug_macro   0x000092e0      0x399 ./firmware/gd32f3x0_hal_peripheral/Source/gd32f3x0_hal_pmu.o
 .debug_macro   0x00009679      0x3d5 ./firmware/gd32f3x0_hal_peripheral/Source/gd32f3x0_hal_rcu.o
 .debug_macro   0x00009a4e      0x399 ./firmware/gd32f3x0_hal_peripheral/Source/gd32f3x0_hal_smartcard.o
 .debug_macro   0x00009de7      0x39f ./firmware/gd32f3x0_hal_peripheral/Source/gd32f3x0_hal_sys.o
 .debug_macro   0x0000a186      0x399 ./firmware/gd32f3x0_hal_peripheral/Source/gd32f3x0_hal_timer.o
 .debug_macro   0x0000a51f      0x399 ./firmware/gd32f3x0_hal_peripheral/Source/gd32f3x0_hal_uart.o
 .debug_macro   0x0000a8b8      0x39f ./firmware/gd32f3x0_hal_peripheral/Source/gd32f3x0_hal_usrt.o
 .debug_macro   0x0000ac57      0x272 ./firmware/cmsis/src/syscalls.o
 .debug_macro   0x0000aec9      0x174 ./firmware/cmsis/src/syscalls.o
 .debug_macro   0x0000b03d       0x10 ./firmware/cmsis/src/syscalls.o
 .debug_macro   0x0000b04d       0x10 ./firmware/cmsis/src/syscalls.o
 .debug_macro   0x0000b05d       0x10 ./firmware/cmsis/src/syscalls.o
 .debug_macro   0x0000b06d       0x35 ./firmware/cmsis/src/syscalls.o
 .debug_macro   0x0000b0a2      0x122 ./firmware/cmsis/src/syscalls.o
 .debug_macro   0x0000b1c4      0x22a ./firmware/cmsis/src/syscalls.o
 .debug_macro   0x0000b3ee       0x10 ./firmware/cmsis/src/syscalls.o
 .debug_macro   0x0000b3fe       0x1c ./firmware/cmsis/src/syscalls.o
 .debug_macro   0x0000b41a       0x10 ./firmware/cmsis/src/syscalls.o
 .debug_macro   0x0000b42a       0x10 ./firmware/cmsis/src/syscalls.o
 .debug_macro   0x0000b43a       0x88 ./firmware/cmsis/src/syscalls.o
 .debug_macro   0x0000b4c2       0x10 ./firmware/cmsis/src/syscalls.o
 .debug_macro   0x0000b4d2      0x241 ./firmware/cmsis/src/syscalls.o
 .debug_macro   0x0000b713       0x16 ./firmware/cmsis/src/syscalls.o
 .debug_macro   0x0000b729       0x16 ./firmware/cmsis/src/syscalls.o
 .debug_macro   0x0000b73f      0x51a ./firmware/cmsis/src/syscalls.o
 .debug_macro   0x0000bc59       0x3a ./firmware/cmsis/src/syscalls.o
 .debug_macro   0x0000bc93      0x3a7 ./firmware/cmsis/src/system_gd32f3x0.o
 .debug_macro   0x0000c03a       0x8e ./firmware/cmsis/src/system_gd32f3x0.o
 .debug_macro   0x0000c0c8       0x51 ./firmware/cmsis/src/system_gd32f3x0.o
 .debug_macro   0x0000c119       0x64 ./firmware/cmsis/src/system_gd32f3x0.o

.debug_line     0x00000000    0x136c7
 .debug_line    0x00000000      0xa27 ./src/gd32f3x0_hal_init.o
 .debug_line    0x00000a27      0x87b ./src/gd32f3x0_hal_it.o
 .debug_line    0x000012a2      0x894 ./src/main.o
 .debug_line    0x00001b36     0x1a3d ./firmware/gd32f3x0_hal_peripheral/Source/gd32f3x0_hal_adc.o
 .debug_line    0x00003573      0xf8e ./firmware/gd32f3x0_hal_peripheral/Source/gd32f3x0_hal_dma.o
 .debug_line    0x00004501      0xb6d ./firmware/gd32f3x0_hal_peripheral/Source/gd32f3x0_hal_gpio.o
 .debug_line    0x0000506e     0x15ce ./firmware/gd32f3x0_hal_peripheral/Source/gd32f3x0_hal_irda.o
 .debug_line    0x0000663c      0xa58 ./firmware/gd32f3x0_hal_peripheral/Source/gd32f3x0_hal_nvic.o
 .debug_line    0x00007094      0xcf9 ./firmware/gd32f3x0_hal_peripheral/Source/gd32f3x0_hal_pmu.o
 .debug_line    0x00007d8d     0x19bf ./firmware/gd32f3x0_hal_peripheral/Source/gd32f3x0_hal_rcu.o
 .debug_line    0x0000974c     0x17dd ./firmware/gd32f3x0_hal_peripheral/Source/gd32f3x0_hal_smartcard.o
 .debug_line    0x0000af29      0xb8d ./firmware/gd32f3x0_hal_peripheral/Source/gd32f3x0_hal_sys.o
 .debug_line    0x0000bab6     0x343d ./firmware/gd32f3x0_hal_peripheral/Source/gd32f3x0_hal_timer.o
 .debug_line    0x0000eef3     0x1b5d ./firmware/gd32f3x0_hal_peripheral/Source/gd32f3x0_hal_uart.o
 .debug_line    0x00010a50     0x1be1 ./firmware/gd32f3x0_hal_peripheral/Source/gd32f3x0_hal_usrt.o
 .debug_line    0x00012631      0x70a ./firmware/cmsis/src/syscalls.o
 .debug_line    0x00012d3b      0x902 ./firmware/cmsis/src/system_gd32f3x0.o
 .debug_line    0x0001363d       0x8a ./firmware/cmsis/gcc_startup/startup_gd32f3x0.o

.debug_str      0x00000000    0x320eb
 .debug_str     0x00000000    0x27d91 ./src/gd32f3x0_hal_init.o
                              0x28180 (size before relaxing)
 .debug_str     0x00027d91       0x7b ./src/gd32f3x0_hal_it.o
                              0x26366 (size before relaxing)
 .debug_str     0x00027e0c      0x17c ./src/main.o
                              0x265df (size before relaxing)
 .debug_str     0x00027f88      0xc35 ./firmware/gd32f3x0_hal_peripheral/Source/gd32f3x0_hal_adc.o
                              0x273fa (size before relaxing)
 .debug_str     0x00028bbd      0x46f ./firmware/gd32f3x0_hal_peripheral/Source/gd32f3x0_hal_dma.o
                              0x2645d (size before relaxing)
 .debug_str     0x0002902c      0x27b ./firmware/gd32f3x0_hal_peripheral/Source/gd32f3x0_hal_gpio.o
                              0x26169 (size before relaxing)
 .debug_str     0x000292a7      0x8c4 ./firmware/gd32f3x0_hal_peripheral/Source/gd32f3x0_hal_irda.o
                              0x26c01 (size before relaxing)
 .debug_str     0x00029b6b      0x32a ./firmware/gd32f3x0_hal_peripheral/Source/gd32f3x0_hal_nvic.o
                              0x26197 (size before relaxing)
 .debug_str     0x00029e95      0x7ac ./firmware/gd32f3x0_hal_peripheral/Source/gd32f3x0_hal_pmu.o
                              0x26631 (size before relaxing)
 .debug_str     0x0002a641      0xfde ./firmware/gd32f3x0_hal_peripheral/Source/gd32f3x0_hal_rcu.o
                              0x27ff1 (size before relaxing)
 .debug_str     0x0002b61f      0xad2 ./firmware/gd32f3x0_hal_peripheral/Source/gd32f3x0_hal_smartcard.o
                              0x271c2 (size before relaxing)
 .debug_str     0x0002c0f1      0xb0a ./firmware/gd32f3x0_hal_peripheral/Source/gd32f3x0_hal_sys.o
                              0x27231 (size before relaxing)
 .debug_str     0x0002cbfb     0x207f ./firmware/gd32f3x0_hal_peripheral/Source/gd32f3x0_hal_timer.o
                              0x288b0 (size before relaxing)
 .debug_str     0x0002ec7a      0x8a3 ./firmware/gd32f3x0_hal_peripheral/Source/gd32f3x0_hal_uart.o
                              0x272d9 (size before relaxing)
 .debug_str     0x0002f51d      0x764 ./firmware/gd32f3x0_hal_peripheral/Source/gd32f3x0_hal_usrt.o
                              0x26ebf (size before relaxing)
 .debug_str     0x0002fc81     0x23d9 ./firmware/cmsis/src/syscalls.o
                               0x98ef (size before relaxing)
 .debug_str     0x0003205a       0x52 ./firmware/cmsis/src/system_gd32f3x0.o
                              0x25d6e (size before relaxing)
 .debug_str     0x000320ac       0x3f ./firmware/cmsis/gcc_startup/startup_gd32f3x0.o
                                 0x9a (size before relaxing)

.comment        0x00000000       0x66
 .comment       0x00000000       0x66 ./src/gd32f3x0_hal_init.o
                                 0x67 (size before relaxing)
 .comment       0x00000066       0x67 ./src/gd32f3x0_hal_it.o
 .comment       0x00000066       0x67 ./src/main.o
 .comment       0x00000066       0x67 ./firmware/gd32f3x0_hal_peripheral/Source/gd32f3x0_hal_adc.o
 .comment       0x00000066       0x67 ./firmware/gd32f3x0_hal_peripheral/Source/gd32f3x0_hal_dma.o
 .comment       0x00000066       0x67 ./firmware/gd32f3x0_hal_peripheral/Source/gd32f3x0_hal_gpio.o
 .comment       0x00000066       0x67 ./firmware/gd32f3x0_hal_peripheral/Source/gd32f3x0_hal_irda.o
 .comment       0x00000066       0x67 ./firmware/gd32f3x0_hal_peripheral/Source/gd32f3x0_hal_nvic.o
 .comment       0x00000066       0x67 ./firmware/gd32f3x0_hal_peripheral/Source/gd32f3x0_hal_pmu.o
 .comment       0x00000066       0x67 ./firmware/gd32f3x0_hal_peripheral/Source/gd32f3x0_hal_rcu.o
 .comment       0x00000066       0x67 ./firmware/gd32f3x0_hal_peripheral/Source/gd32f3x0_hal_smartcard.o
 .comment       0x00000066       0x67 ./firmware/gd32f3x0_hal_peripheral/Source/gd32f3x0_hal_sys.o
 .comment       0x00000066       0x67 ./firmware/gd32f3x0_hal_peripheral/Source/gd32f3x0_hal_timer.o
 .comment       0x00000066       0x67 ./firmware/gd32f3x0_hal_peripheral/Source/gd32f3x0_hal_uart.o
 .comment       0x00000066       0x67 ./firmware/gd32f3x0_hal_peripheral/Source/gd32f3x0_hal_usrt.o
 .comment       0x00000066       0x67 ./firmware/cmsis/src/syscalls.o
 .comment       0x00000066       0x67 ./firmware/cmsis/src/system_gd32f3x0.o

.debug_frame    0x00000000     0x6e8c
 .debug_frame   0x00000000      0x14c ./src/gd32f3x0_hal_init.o
 .debug_frame   0x0000014c       0xb4 ./src/gd32f3x0_hal_it.o
 .debug_frame   0x00000200       0x7c ./src/main.o
 .debug_frame   0x0000027c      0xaac ./firmware/gd32f3x0_hal_peripheral/Source/gd32f3x0_hal_adc.o
 .debug_frame   0x00000d28      0x5d8 ./firmware/gd32f3x0_hal_peripheral/Source/gd32f3x0_hal_dma.o
 .debug_frame   0x00001300      0x244 ./firmware/gd32f3x0_hal_peripheral/Source/gd32f3x0_hal_gpio.o
 .debug_frame   0x00001544      0x7c0 ./firmware/gd32f3x0_hal_peripheral/Source/gd32f3x0_hal_irda.o
 .debug_frame   0x00001d04      0x1c4 ./firmware/gd32f3x0_hal_peripheral/Source/gd32f3x0_hal_nvic.o
 .debug_frame   0x00001ec8      0x454 ./firmware/gd32f3x0_hal_peripheral/Source/gd32f3x0_hal_pmu.o
 .debug_frame   0x0000231c      0x7cc ./firmware/gd32f3x0_hal_peripheral/Source/gd32f3x0_hal_rcu.o